[    0.000000] Linux version 5.14.0-570.23.1.el9_6.x86_64 (mockbuild@iad1-prod-build001.bld.equ.rockylinux.org) (gcc (GCC) 11.5.0 20240719 (Red Hat 11.5.0-5), GNU ld version 2.35.2-63.el9) #1 SMP PREEMPT_DYNAMIC Thu Jun 26 19:29:53 UTC 2025
[    0.000000] The list of certified hardware and cloud instances for Enterprise Linux 9 can be viewed at the Red Hat Ecosystem Catalog, https://catalog.redhat.com.
[    0.000000] Command line: BOOT_IMAGE=(hd2,gpt2)/vmlinuz-5.14.0-570.23.1.el9_6.x86_64 root=/dev/mapper/rl-root ro crashkernel=1G-4G:192M,4G-64G:256M,64G-:512M resume=/dev/mapper/rl-swap rd.lvm.lv=rl/root rd.lvm.lv=rl/swap rhgb quiet
[    0.000000] BIOS-provided physical RAM map:
[    0.000000] BIOS-e820: [mem 0x0000000000000000-0x000000000009ffff] usable
[    0.000000] BIOS-e820: [mem 0x00000000000a0000-0x00000000000fffff] reserved
[    0.000000] BIOS-e820: [mem 0x0000000000100000-0x0000000075cfffff] usable
[    0.000000] BIOS-e820: [mem 0x0000000075d00000-0x0000000075da7fff] ACPI NVS
[    0.000000] BIOS-e820: [mem 0x0000000075da8000-0x0000000075dfffff] usable
[    0.000000] BIOS-e820: [mem 0x0000000075e00000-0x0000000075ffffff] reserved
[    0.000000] BIOS-e820: [mem 0x0000000076000000-0x000000009e1fafff] usable
[    0.000000] BIOS-e820: [mem 0x000000009e1fb000-0x00000000a379bfff] reserved
[    0.000000] BIOS-e820: [mem 0x00000000a379c000-0x00000000a3a34fff] ACPI data
[    0.000000] BIOS-e820: [mem 0x00000000a3a35000-0x00000000a400efff] ACPI NVS
[    0.000000] BIOS-e820: [mem 0x00000000a400f000-0x00000000a5bfefff] reserved
[    0.000000] BIOS-e820: [mem 0x00000000a5bff000-0x00000000a7ffcfff] usable
[    0.000000] BIOS-e820: [mem 0x00000000a7ffd000-0x00000000afffffff] reserved
[    0.000000] BIOS-e820: [mem 0x00000000b4180000-0x00000000b4180fff] reserved
[    0.000000] BIOS-e820: [mem 0x00000000b5280000-0x00000000b5280fff] reserved
[    0.000000] BIOS-e820: [mem 0x00000000c2180000-0x00000000c2180fff] reserved
[    0.000000] BIOS-e820: [mem 0x00000000c3200000-0x00000000c3400fff] reserved
[    0.000000] BIOS-e820: [mem 0x00000000d0180000-0x00000000d0180fff] reserved
[    0.000000] BIOS-e820: [mem 0x00000000d1200000-0x00000000d12fffff] reserved
[    0.000000] BIOS-e820: [mem 0x00000000d1500000-0x00000000d1500fff] reserved
[    0.000000] BIOS-e820: [mem 0x00000000e0000000-0x00000000efffffff] reserved
[    0.000000] BIOS-e820: [mem 0x00000000f4180000-0x00000000f4180fff] reserved
[    0.000000] BIOS-e820: [mem 0x00000000f5180000-0x00000000f5180fff] reserved
[    0.000000] BIOS-e820: [mem 0x00000000fea00000-0x00000000feafffff] reserved
[    0.000000] BIOS-e820: [mem 0x00000000fec00000-0x00000000fec00fff] reserved
[    0.000000] BIOS-e820: [mem 0x00000000fec10000-0x00000000fec10fff] reserved
[    0.000000] BIOS-e820: [mem 0x00000000fed00000-0x00000000fed00fff] reserved
[    0.000000] BIOS-e820: [mem 0x00000000fed40000-0x00000000fed44fff] reserved
[    0.000000] BIOS-e820: [mem 0x00000000fed80000-0x00000000fed8ffff] reserved
[    0.000000] BIOS-e820: [mem 0x00000000fedc0000-0x00000000fedc0fff] reserved
[    0.000000] BIOS-e820: [mem 0x00000000fedc2000-0x00000000fedc8fff] reserved
[    0.000000] BIOS-e820: [mem 0x00000000fee00000-0x00000000feefffff] reserved
[    0.000000] BIOS-e820: [mem 0x00000000ff000000-0x00000000ffffffff] reserved
[    0.000000] BIOS-e820: [mem 0x0000000100000000-0x000000fc4fffffff] usable
[    0.000000] BIOS-e820: [mem 0x000000fc50000000-0x000000ffffffffff] reserved
[    0.000000] BIOS-e820: [mem 0x0000010000000000-0x00000183fd0bffff] usable
[    0.000000] BIOS-e820: [mem 0x00000183fd0c0000-0x00000183ffffffff] reserved
[    0.000000] BIOS-e820: [mem 0x00003ffc00000000-0x00003ffc03ffffff] reserved
[    0.000000] NX (Execute Disable) protection: active
[    0.000000] APIC: Static calls initialized
[    0.000000] e820: update [mem 0x911b8018-0x911e8e57] usable ==> usable
[    0.000000] e820: update [mem 0x91187018-0x911b7e57] usable ==> usable
[    0.000000] e820: update [mem 0x910fd018-0x91135857] usable ==> usable
[    0.000000] e820: update [mem 0x910c4018-0x910fc857] usable ==> usable
[    0.000000] e820: update [mem 0x924e3018-0x924efc57] usable ==> usable
[    0.000000] e820: update [mem 0x924d6018-0x924e2c57] usable ==> usable
[    0.000000] e820: update [mem 0x91259018-0x91269057] usable ==> usable
[    0.000000] e820: update [mem 0x91095018-0x910c3457] usable ==> usable
[    0.000000] extended physical RAM map:
[    0.000000] reserve setup_data: [mem 0x0000000000000000-0x000000000009ffff] usable
[    0.000000] reserve setup_data: [mem 0x00000000000a0000-0x00000000000fffff] reserved
[    0.000000] reserve setup_data: [mem 0x0000000000100000-0x0000000075cfffff] usable
[    0.000000] reserve setup_data: [mem 0x0000000075d00000-0x0000000075da7fff] ACPI NVS
[    0.000000] reserve setup_data: [mem 0x0000000075da8000-0x0000000075dfffff] usable
[    0.000000] reserve setup_data: [mem 0x0000000075e00000-0x0000000075ffffff] reserved
[    0.000000] reserve setup_data: [mem 0x0000000076000000-0x0000000091095017] usable
[    0.000000] reserve setup_data: [mem 0x0000000091095018-0x00000000910c3457] usable
[    0.000000] reserve setup_data: [mem 0x00000000910c3458-0x00000000910c4017] usable
[    0.000000] reserve setup_data: [mem 0x00000000910c4018-0x00000000910fc857] usable
[    0.000000] reserve setup_data: [mem 0x00000000910fc858-0x00000000910fd017] usable
[    0.000000] reserve setup_data: [mem 0x00000000910fd018-0x0000000091135857] usable
[    0.000000] reserve setup_data: [mem 0x0000000091135858-0x0000000091187017] usable
[    0.000000] reserve setup_data: [mem 0x0000000091187018-0x00000000911b7e57] usable
[    0.000000] reserve setup_data: [mem 0x00000000911b7e58-0x00000000911b8017] usable
[    0.000000] reserve setup_data: [mem 0x00000000911b8018-0x00000000911e8e57] usable
[    0.000000] reserve setup_data: [mem 0x00000000911e8e58-0x0000000091259017] usable
[    0.000000] reserve setup_data: [mem 0x0000000091259018-0x0000000091269057] usable
[    0.000000] reserve setup_data: [mem 0x0000000091269058-0x00000000924d6017] usable
[    0.000000] reserve setup_data: [mem 0x00000000924d6018-0x00000000924e2c57] usable
[    0.000000] reserve setup_data: [mem 0x00000000924e2c58-0x00000000924e3017] usable
[    0.000000] reserve setup_data: [mem 0x00000000924e3018-0x00000000924efc57] usable
[    0.000000] reserve setup_data: [mem 0x00000000924efc58-0x000000009e1fafff] usable
[    0.000000] reserve setup_data: [mem 0x000000009e1fb000-0x00000000a379bfff] reserved
[    0.000000] reserve setup_data: [mem 0x00000000a379c000-0x00000000a3a34fff] ACPI data
[    0.000000] reserve setup_data: [mem 0x00000000a3a35000-0x00000000a400efff] ACPI NVS
[    0.000000] reserve setup_data: [mem 0x00000000a400f000-0x00000000a5bfefff] reserved
[    0.000000] reserve setup_data: [mem 0x00000000a5bff000-0x00000000a7ffcfff] usable
[    0.000000] reserve setup_data: [mem 0x00000000a7ffd000-0x00000000afffffff] reserved
[    0.000000] reserve setup_data: [mem 0x00000000b4180000-0x00000000b4180fff] reserved
[    0.000000] reserve setup_data: [mem 0x00000000b5280000-0x00000000b5280fff] reserved
[    0.000000] reserve setup_data: [mem 0x00000000c2180000-0x00000000c2180fff] reserved
[    0.000000] reserve setup_data: [mem 0x00000000c3200000-0x00000000c3400fff] reserved
[    0.000000] reserve setup_data: [mem 0x00000000d0180000-0x00000000d0180fff] reserved
[    0.000000] reserve setup_data: [mem 0x00000000d1200000-0x00000000d12fffff] reserved
[    0.000000] reserve setup_data: [mem 0x00000000d1500000-0x00000000d1500fff] reserved
[    0.000000] reserve setup_data: [mem 0x00000000e0000000-0x00000000efffffff] reserved
[    0.000000] reserve setup_data: [mem 0x00000000f4180000-0x00000000f4180fff] reserved
[    0.000000] reserve setup_data: [mem 0x00000000f5180000-0x00000000f5180fff] reserved
[    0.000000] reserve setup_data: [mem 0x00000000fea00000-0x00000000feafffff] reserved
[    0.000000] reserve setup_data: [mem 0x00000000fec00000-0x00000000fec00fff] reserved
[    0.000000] reserve setup_data: [mem 0x00000000fec10000-0x00000000fec10fff] reserved
[    0.000000] reserve setup_data: [mem 0x00000000fed00000-0x00000000fed00fff] reserved
[    0.000000] reserve setup_data: [mem 0x00000000fed40000-0x00000000fed44fff] reserved
[    0.000000] reserve setup_data: [mem 0x00000000fed80000-0x00000000fed8ffff] reserved
[    0.000000] reserve setup_data: [mem 0x00000000fedc0000-0x00000000fedc0fff] reserved
[    0.000000] reserve setup_data: [mem 0x00000000fedc2000-0x00000000fedc8fff] reserved
[    0.000000] reserve setup_data: [mem 0x00000000fee00000-0x00000000feefffff] reserved
[    0.000000] reserve setup_data: [mem 0x00000000ff000000-0x00000000ffffffff] reserved
[    0.000000] reserve setup_data: [mem 0x0000000100000000-0x000000fc4fffffff] usable
[    0.000000] reserve setup_data: [mem 0x000000fc50000000-0x000000ffffffffff] reserved
[    0.000000] reserve setup_data: [mem 0x0000010000000000-0x00000183fd0bffff] usable
[    0.000000] reserve setup_data: [mem 0x00000183fd0c0000-0x00000183ffffffff] reserved
[    0.000000] reserve setup_data: [mem 0x00003ffc00000000-0x00003ffc03ffffff] reserved
[    0.000000] efi: EFI v2.8 by American Megatrends
[    0.000000] efi: ACPI=0xa3fed000 ACPI 2.0=0xa3fed014 SMBIOS=0xa552c000 SMBIOS 3.0=0xa552b000 MEMATTR=0x94f8a018 ESRT=0x99d6f018 MOKvar=0xa54e3000 
[    0.000000] efi: Not removing mem288: MMIO range=[0xb4180000-0xb4180fff] (4KB) from e820 map
[    0.000000] efi: Not removing mem289: MMIO range=[0xb5280000-0xb5280fff] (4KB) from e820 map
[    0.000000] efi: Not removing mem290: MMIO range=[0xc2180000-0xc2180fff] (4KB) from e820 map
[    0.000000] efi: Remove mem291: MMIO range=[0xc3200000-0xc3400fff] (2MB) from e820 map
[    0.000000] e820: remove [mem 0xc3200000-0xc3400fff] reserved
[    0.000000] efi: Not removing mem292: MMIO range=[0xd0180000-0xd0180fff] (4KB) from e820 map
[    0.000000] efi: Remove mem293: MMIO range=[0xd1200000-0xd12fffff] (1MB) from e820 map
[    0.000000] e820: remove [mem 0xd1200000-0xd12fffff] reserved
[    0.000000] efi: Not removing mem294: MMIO range=[0xd1500000-0xd1500fff] (4KB) from e820 map
[    0.000000] efi: Remove mem295: MMIO range=[0xe0000000-0xefffffff] (256MB) from e820 map
[    0.000000] e820: remove [mem 0xe0000000-0xefffffff] reserved
[    0.000000] efi: Not removing mem296: MMIO range=[0xf4180000-0xf4180fff] (4KB) from e820 map
[    0.000000] efi: Not removing mem297: MMIO range=[0xf5180000-0xf5180fff] (4KB) from e820 map
[    0.000000] efi: Remove mem298: MMIO range=[0xfea00000-0xfeafffff] (1MB) from e820 map
[    0.000000] e820: remove [mem 0xfea00000-0xfeafffff] reserved
[    0.000000] efi: Not removing mem299: MMIO range=[0xfec00000-0xfec00fff] (4KB) from e820 map
[    0.000000] efi: Not removing mem300: MMIO range=[0xfec10000-0xfec10fff] (4KB) from e820 map
[    0.000000] efi: Not removing mem301: MMIO range=[0xfed00000-0xfed00fff] (4KB) from e820 map
[    0.000000] efi: Not removing mem302: MMIO range=[0xfed40000-0xfed44fff] (20KB) from e820 map
[    0.000000] efi: Not removing mem303: MMIO range=[0xfed80000-0xfed8ffff] (64KB) from e820 map
[    0.000000] efi: Not removing mem304: MMIO range=[0xfedc0000-0xfedc0fff] (4KB) from e820 map
[    0.000000] efi: Not removing mem305: MMIO range=[0xfedc2000-0xfedc8fff] (28KB) from e820 map
[    0.000000] efi: Remove mem306: MMIO range=[0xfee00000-0xfeefffff] (1MB) from e820 map
[    0.000000] e820: remove [mem 0xfee00000-0xfeefffff] reserved
[    0.000000] efi: Remove mem307: MMIO range=[0xff000000-0xffffffff] (16MB) from e820 map
[    0.000000] e820: remove [mem 0xff000000-0xffffffff] reserved
[    0.000000] efi: Remove mem310: MMIO range=[0x3ffc00000000-0x3ffc03ffffff] (64MB) from e820 map
[    0.000000] e820: remove [mem 0x3ffc00000000-0x3ffc03ffffff] reserved
[    0.000000] secureboot: Secure boot disabled
[    0.000000] SMBIOS 3.5.0 present.
[    0.000000] DMI: Supermicro AS -4125GS-TNRT/H13DSG-O-CPU, BIOS 3.2 11/21/2024
[    0.000000] tsc: Fast TSC calibration using PIT
[    0.000000] tsc: Detected 2400.054 MHz processor
[    0.000006] e820: update [mem 0x00000000-0x00000fff] usable ==> reserved
[    0.000008] e820: remove [mem 0x000a0000-0x000fffff] usable
[    0.000018] last_pfn = 0x183fd0c0 max_arch_pfn = 0x10000000000
[    0.000024] MTRR map: 5 entries (3 fixed + 2 variable; max 20), built from 9 variable MTRRs
[    0.000026] x86/PAT: Configuration [0-7]: WB  WC  UC- UC  WB  WP  UC- WT  
[    0.000230] e820: update [mem 0xb0000000-0xffffffff] usable ==> reserved
[    0.000237] x2apic: enabled by BIOS, switching to x2apic ops
[    0.000239] last_pfn = 0xa7ffd max_arch_pfn = 0x10000000000
[    0.003306] esrt: Reserving ESRT space from 0x0000000099d6f018 to 0x0000000099d6f0c8.
[    0.003315] e820: update [mem 0x99d6f000-0x99d6ffff] usable ==> reserved
[    0.003378] Using GB pages for direct mapping
[    0.004206] secureboot: Secure boot disabled
[    0.004207] RAMDISK: [mem 0x8ce90000-0x90646fff]
[    0.004211] ACPI: Early table checksum verification disabled
[    0.004214] ACPI: RSDP 0x00000000A3FED014 000024 (v02 SUPERM)
[    0.004217] ACPI: XSDT 0x00000000A3FEC728 0000EC (v01 SUPERM SMCI--MB 03042021 AMI  01000013)
[    0.004221] ACPI: FACP 0x00000000A3A31000 000114 (v06 SUPERM SMCI--MB 03042021 AMI  00010013)
[    0.004224] ACPI: DSDT 0x00000000A3A18000 018EC4 (v02 SUPERM SMCI--MB 03042021 INTL 20200717)
[    0.004226] ACPI: FACS 0x00000000A3FE7000 000040
[    0.004227] ACPI: SSDT 0x00000000A3A34000 00015D (v02 AMD    MPDMA    00000001 INTL 20200717)
[    0.004229] ACPI: SPMI 0x00000000A3A33000 000041 (v05 SUPERM SMCI--MB 00000000 AMI. 00000000)
[    0.004230] ACPI: SSDT 0x00000000A3A32000 000065 (v02 AMD    CPMDSM   00000001 INTL 20200717)
[    0.004232] ACPI: FIDT 0x00000000A3A17000 00009C (v01 SUPERM SMCI--MB 03042021 AMI  00010013)
[    0.004233] ACPI: MCFG 0x00000000A3A16000 00003C (v01 SUPERM SMCI--MB 03042021 MSFT 00010013)
[    0.004234] ACPI: SSDT 0x00000000A3A13000 002D2D (v02 SUPERM CPUSSDT  03042021 AMI  03042021)
[    0.004236] ACPI: HPET 0x00000000A3A12000 000038 (v01 SUPERM SMCI--MB 03042021 AMI  00000005)
[    0.004237] ACPI: SSDT 0x00000000A3A10000 001B78 (v02 AMD    CPMRAS   00000001 INTL 20200717)
[    0.004238] ACPI: BERT 0x00000000A3A0F000 000030 (v01 AMD    AMD BERT 00000001 AMD  00000001)
[    0.004239] ACPI: FPDT 0x00000000A3A0D000 000034 (v01 SUPERM A M I    01072009 AMI  01000013)
[    0.004241] ACPI: IVRS 0x00000000A3A0B000 000370 (v02 SUPERM AmdTable 00000001 AMD  00000001)
[    0.004242] ACPI: ASPT 0x00000000A3A0A000 000070 (v02 SUPERM AmdTable 00000001 AMD  00000001)
[    0.004243] ACPI: SSDT 0x00000000A39AF000 05A7A4 (v02 SUPERM AmdTable 00000001 AMD  00000001)
[    0.004245] ACPI: SRAT 0x00000000A39AC000 0024F8 (v03 SUPERM AmdTable 00000001 AMD  00000001)
[    0.004246] ACPI: MSCT 0x00000000A39AB000 00004E (v01 SUPERM AmdTable 00000000 AMD  00000001)
[    0.004247] ACPI: SLIT 0x00000000A39AA000 000030 (v01 SUPERM AmdTable 00000001 AMD  00000001)
[    0.004248] ACPI: HMAT 0x00000000A39A9000 0000E8 (v02 SUPERM AmdTable 00000001 AMD  00000001)
[    0.004250] ACPI: BGRT 0x00000000A3A0C000 000038 (v01 SUPERM SMCI--MB 03042021 AMI  00010013)
[    0.004251] ACPI: SSDT 0x00000000A39A7000 001828 (v02 AMD    CPMCMN   00000001 INTL 20200717)
[    0.004252] ACPI: WSMT 0x00000000A39A6000 000028 (v01 SUPERM SMCI--MB 03042021 AMI  00010013)
[    0.004254] ACPI: APIC 0x00000000A39A3000 0020B8 (v05 SUPERM SMCI--MB 03042021 AMI  00010013)
[    0.004255] ACPI: ERST 0x00000000A39A2000 000230 (v01 AMIER  AMI.ERST 00000000 AMI. 00000000)
[    0.004256] ACPI: XX00 0x00000000A39A1000 000286 (v00 SUPM   SUPMTbl  00000000 binh 00000000)
[    0.004258] ACPI: HEST 0x00000000A3820000 180A14 (v01 AMD    AMD HEST 00000001 AMD  00000001)
[    0.004259] ACPI: Reserving FACP table memory at [mem 0xa3a31000-0xa3a31113]
[    0.004260] ACPI: Reserving DSDT table memory at [mem 0xa3a18000-0xa3a30ec3]
[    0.004261] ACPI: Reserving FACS table memory at [mem 0xa3fe7000-0xa3fe703f]
[    0.004262] ACPI: Reserving SSDT table memory at [mem 0xa3a34000-0xa3a3415c]
[    0.004262] ACPI: Reserving SPMI table memory at [mem 0xa3a33000-0xa3a33040]
[    0.004263] ACPI: Reserving SSDT table memory at [mem 0xa3a32000-0xa3a32064]
[    0.004264] ACPI: Reserving FIDT table memory at [mem 0xa3a17000-0xa3a1709b]
[    0.004264] ACPI: Reserving MCFG table memory at [mem 0xa3a16000-0xa3a1603b]
[    0.004265] ACPI: Reserving SSDT table memory at [mem 0xa3a13000-0xa3a15d2c]
[    0.004266] ACPI: Reserving HPET table memory at [mem 0xa3a12000-0xa3a12037]
[    0.004267] ACPI: Reserving SSDT table memory at [mem 0xa3a10000-0xa3a11b77]
[    0.004267] ACPI: Reserving BERT table memory at [mem 0xa3a0f000-0xa3a0f02f]
[    0.004268] ACPI: Reserving FPDT table memory at [mem 0xa3a0d000-0xa3a0d033]
[    0.004269] ACPI: Reserving IVRS table memory at [mem 0xa3a0b000-0xa3a0b36f]
[    0.004269] ACPI: Reserving ASPT table memory at [mem 0xa3a0a000-0xa3a0a06f]
[    0.004270] ACPI: Reserving SSDT table memory at [mem 0xa39af000-0xa3a097a3]
[    0.004271] ACPI: Reserving SRAT table memory at [mem 0xa39ac000-0xa39ae4f7]
[    0.004272] ACPI: Reserving MSCT table memory at [mem 0xa39ab000-0xa39ab04d]
[    0.004272] ACPI: Reserving SLIT table memory at [mem 0xa39aa000-0xa39aa02f]
[    0.004273] ACPI: Reserving HMAT table memory at [mem 0xa39a9000-0xa39a90e7]
[    0.004274] ACPI: Reserving BGRT table memory at [mem 0xa3a0c000-0xa3a0c037]
[    0.004274] ACPI: Reserving SSDT table memory at [mem 0xa39a7000-0xa39a8827]
[    0.004275] ACPI: Reserving WSMT table memory at [mem 0xa39a6000-0xa39a6027]
[    0.004276] ACPI: Reserving APIC table memory at [mem 0xa39a3000-0xa39a50b7]
[    0.004277] ACPI: Reserving ERST table memory at [mem 0xa39a2000-0xa39a222f]
[    0.004277] ACPI: Reserving XX00 table memory at [mem 0xa39a1000-0xa39a1285]
[    0.004278] ACPI: Reserving HEST table memory at [mem 0xa3820000-0xa39a0a13]
[    0.004334] APIC: Switched APIC routing to: cluster x2apic
[    0.004345] SRAT: PXM 0 -> APIC 0x0000 -> Node 0
[    0.004346] SRAT: PXM 0 -> APIC 0x0001 -> Node 0
[    0.004347] SRAT: PXM 0 -> APIC 0x0002 -> Node 0
[    0.004347] SRAT: PXM 0 -> APIC 0x0003 -> Node 0
[    0.004347] SRAT: PXM 0 -> APIC 0x0004 -> Node 0
[    0.004348] SRAT: PXM 0 -> APIC 0x0005 -> Node 0
[    0.004348] SRAT: PXM 0 -> APIC 0x0006 -> Node 0
[    0.004348] SRAT: PXM 0 -> APIC 0x0007 -> Node 0
[    0.004349] SRAT: PXM 0 -> APIC 0x0008 -> Node 0
[    0.004349] SRAT: PXM 0 -> APIC 0x0009 -> Node 0
[    0.004349] SRAT: PXM 0 -> APIC 0x000a -> Node 0
[    0.004350] SRAT: PXM 0 -> APIC 0x000b -> Node 0
[    0.004350] SRAT: PXM 0 -> APIC 0x000c -> Node 0
[    0.004350] SRAT: PXM 0 -> APIC 0x000d -> Node 0
[    0.004351] SRAT: PXM 0 -> APIC 0x000e -> Node 0
[    0.004351] SRAT: PXM 0 -> APIC 0x000f -> Node 0
[    0.004351] SRAT: PXM 0 -> APIC 0x0040 -> Node 0
[    0.004352] SRAT: PXM 0 -> APIC 0x0041 -> Node 0
[    0.004352] SRAT: PXM 0 -> APIC 0x0042 -> Node 0
[    0.004352] SRAT: PXM 0 -> APIC 0x0043 -> Node 0
[    0.004353] SRAT: PXM 0 -> APIC 0x0044 -> Node 0
[    0.004353] SRAT: PXM 0 -> APIC 0x0045 -> Node 0
[    0.004353] SRAT: PXM 0 -> APIC 0x0046 -> Node 0
[    0.004354] SRAT: PXM 0 -> APIC 0x0047 -> Node 0
[    0.004354] SRAT: PXM 0 -> APIC 0x0048 -> Node 0
[    0.004354] SRAT: PXM 0 -> APIC 0x0049 -> Node 0
[    0.004354] SRAT: PXM 0 -> APIC 0x004a -> Node 0
[    0.004355] SRAT: PXM 0 -> APIC 0x004b -> Node 0
[    0.004355] SRAT: PXM 0 -> APIC 0x004c -> Node 0
[    0.004355] SRAT: PXM 0 -> APIC 0x004d -> Node 0
[    0.004356] SRAT: PXM 0 -> APIC 0x004e -> Node 0
[    0.004356] SRAT: PXM 0 -> APIC 0x004f -> Node 0
[    0.004356] SRAT: PXM 0 -> APIC 0x0080 -> Node 0
[    0.004357] SRAT: PXM 0 -> APIC 0x0081 -> Node 0
[    0.004357] SRAT: PXM 0 -> APIC 0x0082 -> Node 0
[    0.004357] SRAT: PXM 0 -> APIC 0x0083 -> Node 0
[    0.004358] SRAT: PXM 0 -> APIC 0x0084 -> Node 0
[    0.004358] SRAT: PXM 0 -> APIC 0x0085 -> Node 0
[    0.004358] SRAT: PXM 0 -> APIC 0x0086 -> Node 0
[    0.004359] SRAT: PXM 0 -> APIC 0x0087 -> Node 0
[    0.004359] SRAT: PXM 0 -> APIC 0x0088 -> Node 0
[    0.004359] SRAT: PXM 0 -> APIC 0x0089 -> Node 0
[    0.004360] SRAT: PXM 0 -> APIC 0x008a -> Node 0
[    0.004360] SRAT: PXM 0 -> APIC 0x008b -> Node 0
[    0.004360] SRAT: PXM 0 -> APIC 0x008c -> Node 0
[    0.004360] SRAT: PXM 0 -> APIC 0x008d -> Node 0
[    0.004361] SRAT: PXM 0 -> APIC 0x008e -> Node 0
[    0.004361] SRAT: PXM 0 -> APIC 0x008f -> Node 0
[    0.004361] SRAT: PXM 0 -> APIC 0x0020 -> Node 0
[    0.004362] SRAT: PXM 0 -> APIC 0x0021 -> Node 0
[    0.004362] SRAT: PXM 0 -> APIC 0x0022 -> Node 0
[    0.004362] SRAT: PXM 0 -> APIC 0x0023 -> Node 0
[    0.004363] SRAT: PXM 0 -> APIC 0x0024 -> Node 0
[    0.004363] SRAT: PXM 0 -> APIC 0x0025 -> Node 0
[    0.004363] SRAT: PXM 0 -> APIC 0x0026 -> Node 0
[    0.004364] SRAT: PXM 0 -> APIC 0x0027 -> Node 0
[    0.004364] SRAT: PXM 0 -> APIC 0x0028 -> Node 0
[    0.004364] SRAT: PXM 0 -> APIC 0x0029 -> Node 0
[    0.004365] SRAT: PXM 0 -> APIC 0x002a -> Node 0
[    0.004365] SRAT: PXM 0 -> APIC 0x002b -> Node 0
[    0.004365] SRAT: PXM 0 -> APIC 0x002c -> Node 0
[    0.004366] SRAT: PXM 0 -> APIC 0x002d -> Node 0
[    0.004366] SRAT: PXM 0 -> APIC 0x002e -> Node 0
[    0.004366] SRAT: PXM 0 -> APIC 0x002f -> Node 0
[    0.004367] SRAT: PXM 0 -> APIC 0x0060 -> Node 0
[    0.004367] SRAT: PXM 0 -> APIC 0x0061 -> Node 0
[    0.004367] SRAT: PXM 0 -> APIC 0x0062 -> Node 0
[    0.004367] SRAT: PXM 0 -> APIC 0x0063 -> Node 0
[    0.004368] SRAT: PXM 0 -> APIC 0x0064 -> Node 0
[    0.004368] SRAT: PXM 0 -> APIC 0x0065 -> Node 0
[    0.004368] SRAT: PXM 0 -> APIC 0x0066 -> Node 0
[    0.004369] SRAT: PXM 0 -> APIC 0x0067 -> Node 0
[    0.004369] SRAT: PXM 0 -> APIC 0x0068 -> Node 0
[    0.004369] SRAT: PXM 0 -> APIC 0x0069 -> Node 0
[    0.004370] SRAT: PXM 0 -> APIC 0x006a -> Node 0
[    0.004370] SRAT: PXM 0 -> APIC 0x006b -> Node 0
[    0.004370] SRAT: PXM 0 -> APIC 0x006c -> Node 0
[    0.004371] SRAT: PXM 0 -> APIC 0x006d -> Node 0
[    0.004371] SRAT: PXM 0 -> APIC 0x006e -> Node 0
[    0.004371] SRAT: PXM 0 -> APIC 0x006f -> Node 0
[    0.004372] SRAT: PXM 0 -> APIC 0x00a0 -> Node 0
[    0.004372] SRAT: PXM 0 -> APIC 0x00a1 -> Node 0
[    0.004372] SRAT: PXM 0 -> APIC 0x00a2 -> Node 0
[    0.004373] SRAT: PXM 0 -> APIC 0x00a3 -> Node 0
[    0.004373] SRAT: PXM 0 -> APIC 0x00a4 -> Node 0
[    0.004373] SRAT: PXM 0 -> APIC 0x00a5 -> Node 0
[    0.004373] SRAT: PXM 0 -> APIC 0x00a6 -> Node 0
[    0.004374] SRAT: PXM 0 -> APIC 0x00a7 -> Node 0
[    0.004374] SRAT: PXM 0 -> APIC 0x00a8 -> Node 0
[    0.004374] SRAT: PXM 0 -> APIC 0x00a9 -> Node 0
[    0.004375] SRAT: PXM 0 -> APIC 0x00aa -> Node 0
[    0.004375] SRAT: PXM 0 -> APIC 0x00ab -> Node 0
[    0.004375] SRAT: PXM 0 -> APIC 0x00ac -> Node 0
[    0.004376] SRAT: PXM 0 -> APIC 0x00ad -> Node 0
[    0.004376] SRAT: PXM 0 -> APIC 0x00ae -> Node 0
[    0.004376] SRAT: PXM 0 -> APIC 0x00af -> Node 0
[    0.004377] SRAT: PXM 0 -> APIC 0x0030 -> Node 0
[    0.004377] SRAT: PXM 0 -> APIC 0x0031 -> Node 0
[    0.004377] SRAT: PXM 0 -> APIC 0x0032 -> Node 0
[    0.004378] SRAT: PXM 0 -> APIC 0x0033 -> Node 0
[    0.004378] SRAT: PXM 0 -> APIC 0x0034 -> Node 0
[    0.004378] SRAT: PXM 0 -> APIC 0x0035 -> Node 0
[    0.004379] SRAT: PXM 0 -> APIC 0x0036 -> Node 0
[    0.004379] SRAT: PXM 0 -> APIC 0x0037 -> Node 0
[    0.004379] SRAT: PXM 0 -> APIC 0x0038 -> Node 0
[    0.004379] SRAT: PXM 0 -> APIC 0x0039 -> Node 0
[    0.004380] SRAT: PXM 0 -> APIC 0x003a -> Node 0
[    0.004380] SRAT: PXM 0 -> APIC 0x003b -> Node 0
[    0.004380] SRAT: PXM 0 -> APIC 0x003c -> Node 0
[    0.004381] SRAT: PXM 0 -> APIC 0x003d -> Node 0
[    0.004381] SRAT: PXM 0 -> APIC 0x003e -> Node 0
[    0.004381] SRAT: PXM 0 -> APIC 0x003f -> Node 0
[    0.004382] SRAT: PXM 0 -> APIC 0x0070 -> Node 0
[    0.004382] SRAT: PXM 0 -> APIC 0x0071 -> Node 0
[    0.004382] SRAT: PXM 0 -> APIC 0x0072 -> Node 0
[    0.004383] SRAT: PXM 0 -> APIC 0x0073 -> Node 0
[    0.004383] SRAT: PXM 0 -> APIC 0x0074 -> Node 0
[    0.004383] SRAT: PXM 0 -> APIC 0x0075 -> Node 0
[    0.004384] SRAT: PXM 0 -> APIC 0x0076 -> Node 0
[    0.004384] SRAT: PXM 0 -> APIC 0x0077 -> Node 0
[    0.004384] SRAT: PXM 0 -> APIC 0x0078 -> Node 0
[    0.004385] SRAT: PXM 0 -> APIC 0x0079 -> Node 0
[    0.004385] SRAT: PXM 0 -> APIC 0x007a -> Node 0
[    0.004385] SRAT: PXM 0 -> APIC 0x007b -> Node 0
[    0.004386] SRAT: PXM 0 -> APIC 0x007c -> Node 0
[    0.004386] SRAT: PXM 0 -> APIC 0x007d -> Node 0
[    0.004386] SRAT: PXM 0 -> APIC 0x007e -> Node 0
[    0.004386] SRAT: PXM 0 -> APIC 0x007f -> Node 0
[    0.004387] SRAT: PXM 0 -> APIC 0x00b0 -> Node 0
[    0.004387] SRAT: PXM 0 -> APIC 0x00b1 -> Node 0
[    0.004387] SRAT: PXM 0 -> APIC 0x00b2 -> Node 0
[    0.004388] SRAT: PXM 0 -> APIC 0x00b3 -> Node 0
[    0.004388] SRAT: PXM 0 -> APIC 0x00b4 -> Node 0
[    0.004388] SRAT: PXM 0 -> APIC 0x00b5 -> Node 0
[    0.004389] SRAT: PXM 0 -> APIC 0x00b6 -> Node 0
[    0.004389] SRAT: PXM 0 -> APIC 0x00b7 -> Node 0
[    0.004389] SRAT: PXM 0 -> APIC 0x00b8 -> Node 0
[    0.004390] SRAT: PXM 0 -> APIC 0x00b9 -> Node 0
[    0.004390] SRAT: PXM 0 -> APIC 0x00ba -> Node 0
[    0.004390] SRAT: PXM 0 -> APIC 0x00bb -> Node 0
[    0.004391] SRAT: PXM 0 -> APIC 0x00bc -> Node 0
[    0.004391] SRAT: PXM 0 -> APIC 0x00bd -> Node 0
[    0.004391] SRAT: PXM 0 -> APIC 0x00be -> Node 0
[    0.004392] SRAT: PXM 0 -> APIC 0x00bf -> Node 0
[    0.004392] SRAT: PXM 0 -> APIC 0x0010 -> Node 0
[    0.004392] SRAT: PXM 0 -> APIC 0x0011 -> Node 0
[    0.004392] SRAT: PXM 0 -> APIC 0x0012 -> Node 0
[    0.004393] SRAT: PXM 0 -> APIC 0x0013 -> Node 0
[    0.004393] SRAT: PXM 0 -> APIC 0x0014 -> Node 0
[    0.004393] SRAT: PXM 0 -> APIC 0x0015 -> Node 0
[    0.004394] SRAT: PXM 0 -> APIC 0x0016 -> Node 0
[    0.004394] SRAT: PXM 0 -> APIC 0x0017 -> Node 0
[    0.004394] SRAT: PXM 0 -> APIC 0x0018 -> Node 0
[    0.004395] SRAT: PXM 0 -> APIC 0x0019 -> Node 0
[    0.004395] SRAT: PXM 0 -> APIC 0x001a -> Node 0
[    0.004395] SRAT: PXM 0 -> APIC 0x001b -> Node 0
[    0.004396] SRAT: PXM 0 -> APIC 0x001c -> Node 0
[    0.004396] SRAT: PXM 0 -> APIC 0x001d -> Node 0
[    0.004396] SRAT: PXM 0 -> APIC 0x001e -> Node 0
[    0.004397] SRAT: PXM 0 -> APIC 0x001f -> Node 0
[    0.004397] SRAT: PXM 0 -> APIC 0x0050 -> Node 0
[    0.004397] SRAT: PXM 0 -> APIC 0x0051 -> Node 0
[    0.004398] SRAT: PXM 0 -> APIC 0x0052 -> Node 0
[    0.004398] SRAT: PXM 0 -> APIC 0x0053 -> Node 0
[    0.004398] SRAT: PXM 0 -> APIC 0x0054 -> Node 0
[    0.004398] SRAT: PXM 0 -> APIC 0x0055 -> Node 0
[    0.004399] SRAT: PXM 0 -> APIC 0x0056 -> Node 0
[    0.004399] SRAT: PXM 0 -> APIC 0x0057 -> Node 0
[    0.004399] SRAT: PXM 0 -> APIC 0x0058 -> Node 0
[    0.004400] SRAT: PXM 0 -> APIC 0x0059 -> Node 0
[    0.004400] SRAT: PXM 0 -> APIC 0x005a -> Node 0
[    0.004400] SRAT: PXM 0 -> APIC 0x005b -> Node 0
[    0.004401] SRAT: PXM 0 -> APIC 0x005c -> Node 0
[    0.004401] SRAT: PXM 0 -> APIC 0x005d -> Node 0
[    0.004401] SRAT: PXM 0 -> APIC 0x005e -> Node 0
[    0.004402] SRAT: PXM 0 -> APIC 0x005f -> Node 0
[    0.004402] SRAT: PXM 0 -> APIC 0x0090 -> Node 0
[    0.004402] SRAT: PXM 0 -> APIC 0x0091 -> Node 0
[    0.004403] SRAT: PXM 0 -> APIC 0x0092 -> Node 0
[    0.004403] SRAT: PXM 0 -> APIC 0x0093 -> Node 0
[    0.004403] SRAT: PXM 0 -> APIC 0x0094 -> Node 0
[    0.004404] SRAT: PXM 0 -> APIC 0x0095 -> Node 0
[    0.004404] SRAT: PXM 0 -> APIC 0x0096 -> Node 0
[    0.004404] SRAT: PXM 0 -> APIC 0x0097 -> Node 0
[    0.004405] SRAT: PXM 0 -> APIC 0x0098 -> Node 0
[    0.004405] SRAT: PXM 0 -> APIC 0x0099 -> Node 0
[    0.004405] SRAT: PXM 0 -> APIC 0x009a -> Node 0
[    0.004405] SRAT: PXM 0 -> APIC 0x009b -> Node 0
[    0.004406] SRAT: PXM 0 -> APIC 0x009c -> Node 0
[    0.004406] SRAT: PXM 0 -> APIC 0x009d -> Node 0
[    0.004406] SRAT: PXM 0 -> APIC 0x009e -> Node 0
[    0.004407] SRAT: PXM 0 -> APIC 0x009f -> Node 0
[    0.004407] SRAT: PXM 1 -> APIC 0x0100 -> Node 1
[    0.004408] SRAT: PXM 1 -> APIC 0x0101 -> Node 1
[    0.004408] SRAT: PXM 1 -> APIC 0x0102 -> Node 1
[    0.004408] SRAT: PXM 1 -> APIC 0x0103 -> Node 1
[    0.004409] SRAT: PXM 1 -> APIC 0x0104 -> Node 1
[    0.004409] SRAT: PXM 1 -> APIC 0x0105 -> Node 1
[    0.004409] SRAT: PXM 1 -> APIC 0x0106 -> Node 1
[    0.004409] SRAT: PXM 1 -> APIC 0x0107 -> Node 1
[    0.004410] SRAT: PXM 1 -> APIC 0x0108 -> Node 1
[    0.004410] SRAT: PXM 1 -> APIC 0x0109 -> Node 1
[    0.004410] SRAT: PXM 1 -> APIC 0x010a -> Node 1
[    0.004411] SRAT: PXM 1 -> APIC 0x010b -> Node 1
[    0.004411] SRAT: PXM 1 -> APIC 0x010c -> Node 1
[    0.004411] SRAT: PXM 1 -> APIC 0x010d -> Node 1
[    0.004412] SRAT: PXM 1 -> APIC 0x010e -> Node 1
[    0.004412] SRAT: PXM 1 -> APIC 0x010f -> Node 1
[    0.004412] SRAT: PXM 1 -> APIC 0x0140 -> Node 1
[    0.004413] SRAT: PXM 1 -> APIC 0x0141 -> Node 1
[    0.004413] SRAT: PXM 1 -> APIC 0x0142 -> Node 1
[    0.004413] SRAT: PXM 1 -> APIC 0x0143 -> Node 1
[    0.004414] SRAT: PXM 1 -> APIC 0x0144 -> Node 1
[    0.004414] SRAT: PXM 1 -> APIC 0x0145 -> Node 1
[    0.004414] SRAT: PXM 1 -> APIC 0x0146 -> Node 1
[    0.004415] SRAT: PXM 1 -> APIC 0x0147 -> Node 1
[    0.004415] SRAT: PXM 1 -> APIC 0x0148 -> Node 1
[    0.004415] SRAT: PXM 1 -> APIC 0x0149 -> Node 1
[    0.004416] SRAT: PXM 1 -> APIC 0x014a -> Node 1
[    0.004416] SRAT: PXM 1 -> APIC 0x014b -> Node 1
[    0.004416] SRAT: PXM 1 -> APIC 0x014c -> Node 1
[    0.004416] SRAT: PXM 1 -> APIC 0x014d -> Node 1
[    0.004417] SRAT: PXM 1 -> APIC 0x014e -> Node 1
[    0.004417] SRAT: PXM 1 -> APIC 0x014f -> Node 1
[    0.004417] SRAT: PXM 1 -> APIC 0x0180 -> Node 1
[    0.004418] SRAT: PXM 1 -> APIC 0x0181 -> Node 1
[    0.004418] SRAT: PXM 1 -> APIC 0x0182 -> Node 1
[    0.004418] SRAT: PXM 1 -> APIC 0x0183 -> Node 1
[    0.004419] SRAT: PXM 1 -> APIC 0x0184 -> Node 1
[    0.004419] SRAT: PXM 1 -> APIC 0x0185 -> Node 1
[    0.004419] SRAT: PXM 1 -> APIC 0x0186 -> Node 1
[    0.004420] SRAT: PXM 1 -> APIC 0x0187 -> Node 1
[    0.004420] SRAT: PXM 1 -> APIC 0x0188 -> Node 1
[    0.004420] SRAT: PXM 1 -> APIC 0x0189 -> Node 1
[    0.004421] SRAT: PXM 1 -> APIC 0x018a -> Node 1
[    0.004421] SRAT: PXM 1 -> APIC 0x018b -> Node 1
[    0.004421] SRAT: PXM 1 -> APIC 0x018c -> Node 1
[    0.004422] SRAT: PXM 1 -> APIC 0x018d -> Node 1
[    0.004422] SRAT: PXM 1 -> APIC 0x018e -> Node 1
[    0.004422] SRAT: PXM 1 -> APIC 0x018f -> Node 1
[    0.004423] SRAT: PXM 1 -> APIC 0x0120 -> Node 1
[    0.004423] SRAT: PXM 1 -> APIC 0x0121 -> Node 1
[    0.004423] SRAT: PXM 1 -> APIC 0x0122 -> Node 1
[    0.004423] SRAT: PXM 1 -> APIC 0x0123 -> Node 1
[    0.004424] SRAT: PXM 1 -> APIC 0x0124 -> Node 1
[    0.004424] SRAT: PXM 1 -> APIC 0x0125 -> Node 1
[    0.004424] SRAT: PXM 1 -> APIC 0x0126 -> Node 1
[    0.004425] SRAT: PXM 1 -> APIC 0x0127 -> Node 1
[    0.004425] SRAT: PXM 1 -> APIC 0x0128 -> Node 1
[    0.004425] SRAT: PXM 1 -> APIC 0x0129 -> Node 1
[    0.004426] SRAT: PXM 1 -> APIC 0x012a -> Node 1
[    0.004426] SRAT: PXM 1 -> APIC 0x012b -> Node 1
[    0.004426] SRAT: PXM 1 -> APIC 0x012c -> Node 1
[    0.004427] SRAT: PXM 1 -> APIC 0x012d -> Node 1
[    0.004427] SRAT: PXM 1 -> APIC 0x012e -> Node 1
[    0.004427] SRAT: PXM 1 -> APIC 0x012f -> Node 1
[    0.004428] SRAT: PXM 1 -> APIC 0x0160 -> Node 1
[    0.004428] SRAT: PXM 1 -> APIC 0x0161 -> Node 1
[    0.004428] SRAT: PXM 1 -> APIC 0x0162 -> Node 1
[    0.004429] SRAT: PXM 1 -> APIC 0x0163 -> Node 1
[    0.004429] SRAT: PXM 1 -> APIC 0x0164 -> Node 1
[    0.004429] SRAT: PXM 1 -> APIC 0x0165 -> Node 1
[    0.004430] SRAT: PXM 1 -> APIC 0x0166 -> Node 1
[    0.004430] SRAT: PXM 1 -> APIC 0x0167 -> Node 1
[    0.004430] SRAT: PXM 1 -> APIC 0x0168 -> Node 1
[    0.004430] SRAT: PXM 1 -> APIC 0x0169 -> Node 1
[    0.004431] SRAT: PXM 1 -> APIC 0x016a -> Node 1
[    0.004431] SRAT: PXM 1 -> APIC 0x016b -> Node 1
[    0.004431] SRAT: PXM 1 -> APIC 0x016c -> Node 1
[    0.004432] SRAT: PXM 1 -> APIC 0x016d -> Node 1
[    0.004432] SRAT: PXM 1 -> APIC 0x016e -> Node 1
[    0.004432] SRAT: PXM 1 -> APIC 0x016f -> Node 1
[    0.004433] SRAT: PXM 1 -> APIC 0x01a0 -> Node 1
[    0.004433] SRAT: PXM 1 -> APIC 0x01a1 -> Node 1
[    0.004433] SRAT: PXM 1 -> APIC 0x01a2 -> Node 1
[    0.004434] SRAT: PXM 1 -> APIC 0x01a3 -> Node 1
[    0.004434] SRAT: PXM 1 -> APIC 0x01a4 -> Node 1
[    0.004434] SRAT: PXM 1 -> APIC 0x01a5 -> Node 1
[    0.004435] SRAT: PXM 1 -> APIC 0x01a6 -> Node 1
[    0.004435] SRAT: PXM 1 -> APIC 0x01a7 -> Node 1
[    0.004435] SRAT: PXM 1 -> APIC 0x01a8 -> Node 1
[    0.004436] SRAT: PXM 1 -> APIC 0x01a9 -> Node 1
[    0.004436] SRAT: PXM 1 -> APIC 0x01aa -> Node 1
[    0.004436] SRAT: PXM 1 -> APIC 0x01ab -> Node 1
[    0.004437] SRAT: PXM 1 -> APIC 0x01ac -> Node 1
[    0.004437] SRAT: PXM 1 -> APIC 0x01ad -> Node 1
[    0.004437] SRAT: PXM 1 -> APIC 0x01ae -> Node 1
[    0.004437] SRAT: PXM 1 -> APIC 0x01af -> Node 1
[    0.004438] SRAT: PXM 1 -> APIC 0x0130 -> Node 1
[    0.004438] SRAT: PXM 1 -> APIC 0x0131 -> Node 1
[    0.004438] SRAT: PXM 1 -> APIC 0x0132 -> Node 1
[    0.004439] SRAT: PXM 1 -> APIC 0x0133 -> Node 1
[    0.004439] SRAT: PXM 1 -> APIC 0x0134 -> Node 1
[    0.004439] SRAT: PXM 1 -> APIC 0x0135 -> Node 1
[    0.004440] SRAT: PXM 1 -> APIC 0x0136 -> Node 1
[    0.004440] SRAT: PXM 1 -> APIC 0x0137 -> Node 1
[    0.004440] SRAT: PXM 1 -> APIC 0x0138 -> Node 1
[    0.004441] SRAT: PXM 1 -> APIC 0x0139 -> Node 1
[    0.004441] SRAT: PXM 1 -> APIC 0x013a -> Node 1
[    0.004441] SRAT: PXM 1 -> APIC 0x013b -> Node 1
[    0.004442] SRAT: PXM 1 -> APIC 0x013c -> Node 1
[    0.004442] SRAT: PXM 1 -> APIC 0x013d -> Node 1
[    0.004442] SRAT: PXM 1 -> APIC 0x013e -> Node 1
[    0.004443] SRAT: PXM 1 -> APIC 0x013f -> Node 1
[    0.004443] SRAT: PXM 1 -> APIC 0x0170 -> Node 1
[    0.004443] SRAT: PXM 1 -> APIC 0x0171 -> Node 1
[    0.004444] SRAT: PXM 1 -> APIC 0x0172 -> Node 1
[    0.004444] SRAT: PXM 1 -> APIC 0x0173 -> Node 1
[    0.004444] SRAT: PXM 1 -> APIC 0x0174 -> Node 1
[    0.004444] SRAT: PXM 1 -> APIC 0x0175 -> Node 1
[    0.004445] SRAT: PXM 1 -> APIC 0x0176 -> Node 1
[    0.004445] SRAT: PXM 1 -> APIC 0x0177 -> Node 1
[    0.004445] SRAT: PXM 1 -> APIC 0x0178 -> Node 1
[    0.004446] SRAT: PXM 1 -> APIC 0x0179 -> Node 1
[    0.004446] SRAT: PXM 1 -> APIC 0x017a -> Node 1
[    0.004446] SRAT: PXM 1 -> APIC 0x017b -> Node 1
[    0.004447] SRAT: PXM 1 -> APIC 0x017c -> Node 1
[    0.004447] SRAT: PXM 1 -> APIC 0x017d -> Node 1
[    0.004447] SRAT: PXM 1 -> APIC 0x017e -> Node 1
[    0.004448] SRAT: PXM 1 -> APIC 0x017f -> Node 1
[    0.004448] SRAT: PXM 1 -> APIC 0x01b0 -> Node 1
[    0.004448] SRAT: PXM 1 -> APIC 0x01b1 -> Node 1
[    0.004449] SRAT: PXM 1 -> APIC 0x01b2 -> Node 1
[    0.004449] SRAT: PXM 1 -> APIC 0x01b3 -> Node 1
[    0.004449] SRAT: PXM 1 -> APIC 0x01b4 -> Node 1
[    0.004450] SRAT: PXM 1 -> APIC 0x01b5 -> Node 1
[    0.004450] SRAT: PXM 1 -> APIC 0x01b6 -> Node 1
[    0.004450] SRAT: PXM 1 -> APIC 0x01b7 -> Node 1
[    0.004451] SRAT: PXM 1 -> APIC 0x01b8 -> Node 1
[    0.004451] SRAT: PXM 1 -> APIC 0x01b9 -> Node 1
[    0.004451] SRAT: PXM 1 -> APIC 0x01ba -> Node 1
[    0.004451] SRAT: PXM 1 -> APIC 0x01bb -> Node 1
[    0.004452] SRAT: PXM 1 -> APIC 0x01bc -> Node 1
[    0.004452] SRAT: PXM 1 -> APIC 0x01bd -> Node 1
[    0.004452] SRAT: PXM 1 -> APIC 0x01be -> Node 1
[    0.004453] SRAT: PXM 1 -> APIC 0x01bf -> Node 1
[    0.004453] SRAT: PXM 1 -> APIC 0x0110 -> Node 1
[    0.004453] SRAT: PXM 1 -> APIC 0x0111 -> Node 1
[    0.004454] SRAT: PXM 1 -> APIC 0x0112 -> Node 1
[    0.004454] SRAT: PXM 1 -> APIC 0x0113 -> Node 1
[    0.004454] SRAT: PXM 1 -> APIC 0x0114 -> Node 1
[    0.004455] SRAT: PXM 1 -> APIC 0x0115 -> Node 1
[    0.004455] SRAT: PXM 1 -> APIC 0x0116 -> Node 1
[    0.004455] SRAT: PXM 1 -> APIC 0x0117 -> Node 1
[    0.004456] SRAT: PXM 1 -> APIC 0x0118 -> Node 1
[    0.004456] SRAT: PXM 1 -> APIC 0x0119 -> Node 1
[    0.004456] SRAT: PXM 1 -> APIC 0x011a -> Node 1
[    0.004457] SRAT: PXM 1 -> APIC 0x011b -> Node 1
[    0.004457] SRAT: PXM 1 -> APIC 0x011c -> Node 1
[    0.004457] SRAT: PXM 1 -> APIC 0x011d -> Node 1
[    0.004458] SRAT: PXM 1 -> APIC 0x011e -> Node 1
[    0.004458] SRAT: PXM 1 -> APIC 0x011f -> Node 1
[    0.004458] SRAT: PXM 1 -> APIC 0x0150 -> Node 1
[    0.004458] SRAT: PXM 1 -> APIC 0x0151 -> Node 1
[    0.004459] SRAT: PXM 1 -> APIC 0x0152 -> Node 1
[    0.004459] SRAT: PXM 1 -> APIC 0x0153 -> Node 1
[    0.004459] SRAT: PXM 1 -> APIC 0x0154 -> Node 1
[    0.004460] SRAT: PXM 1 -> APIC 0x0155 -> Node 1
[    0.004460] SRAT: PXM 1 -> APIC 0x0156 -> Node 1
[    0.004460] SRAT: PXM 1 -> APIC 0x0157 -> Node 1
[    0.004461] SRAT: PXM 1 -> APIC 0x0158 -> Node 1
[    0.004461] SRAT: PXM 1 -> APIC 0x0159 -> Node 1
[    0.004461] SRAT: PXM 1 -> APIC 0x015a -> Node 1
[    0.004462] SRAT: PXM 1 -> APIC 0x015b -> Node 1
[    0.004462] SRAT: PXM 1 -> APIC 0x015c -> Node 1
[    0.004462] SRAT: PXM 1 -> APIC 0x015d -> Node 1
[    0.004463] SRAT: PXM 1 -> APIC 0x015e -> Node 1
[    0.004463] SRAT: PXM 1 -> APIC 0x015f -> Node 1
[    0.004463] SRAT: PXM 1 -> APIC 0x0190 -> Node 1
[    0.004464] SRAT: PXM 1 -> APIC 0x0191 -> Node 1
[    0.004464] SRAT: PXM 1 -> APIC 0x0192 -> Node 1
[    0.004464] SRAT: PXM 1 -> APIC 0x0193 -> Node 1
[    0.004465] SRAT: PXM 1 -> APIC 0x0194 -> Node 1
[    0.004465] SRAT: PXM 1 -> APIC 0x0195 -> Node 1
[    0.004465] SRAT: PXM 1 -> APIC 0x0196 -> Node 1
[    0.004465] SRAT: PXM 1 -> APIC 0x0197 -> Node 1
[    0.004466] SRAT: PXM 1 -> APIC 0x0198 -> Node 1
[    0.004466] SRAT: PXM 1 -> APIC 0x0199 -> Node 1
[    0.004466] SRAT: PXM 1 -> APIC 0x019a -> Node 1
[    0.004467] SRAT: PXM 1 -> APIC 0x019b -> Node 1
[    0.004467] SRAT: PXM 1 -> APIC 0x019c -> Node 1
[    0.004467] SRAT: PXM 1 -> APIC 0x019d -> Node 1
[    0.004468] SRAT: PXM 1 -> APIC 0x019e -> Node 1
[    0.004468] SRAT: PXM 1 -> APIC 0x019f -> Node 1
[    0.004470] ACPI: SRAT: Node 0 PXM 0 [mem 0x00000000-0x0009ffff]
[    0.004472] ACPI: SRAT: Node 0 PXM 0 [mem 0x000c0000-0xafffffff]
[    0.004472] ACPI: SRAT: Node 0 PXM 0 [mem 0x100000000-0xc04fffffff]
[    0.004473] ACPI: SRAT: Node 1 PXM 1 [mem 0xc050000000-0xfc4fffffff]
[    0.004473] ACPI: SRAT: Node 1 PXM 1 [mem 0x10000000000-0x183ffffffff]
[    0.004477] NUMA: Initialized distance table, cnt=2
[    0.004478] NUMA: Node 0 [mem 0x00000000-0x0009ffff] + [mem 0x000c0000-0xafffffff] -> [mem 0x00000000-0xafffffff]
[    0.004480] NUMA: Node 0 [mem 0x00000000-0xafffffff] + [mem 0x100000000-0xc04fffffff] -> [mem 0x00000000-0xc04fffffff]
[    0.004481] NUMA: Node 1 [mem 0xc050000000-0xfc4fffffff] + [mem 0x10000000000-0x183fd0bffff] -> [mem 0xc050000000-0x183fd0bffff]
[    0.004488] NODE_DATA(0) allocated [mem 0xc04ffd5000-0xc04fffffff]
[    0.004494] NODE_DATA(1) allocated [mem 0x183fd094000-0x183fd0befff]
[    0.004608] crashkernel reserved: 0x0000000055000000 - 0x0000000075000000 (512 MB)
[    0.005636] Zone ranges:
[    0.005636]   DMA      [mem 0x0000000000001000-0x0000000000ffffff]
[    0.005638]   DMA32    [mem 0x0000000001000000-0x00000000ffffffff]
[    0.005639]   Normal   [mem 0x0000000100000000-0x00000183fd0bffff]
[    0.005639]   Device   empty
[    0.005640] Movable zone start for each node
[    0.005641] Early memory node ranges
[    0.005641]   node   0: [mem 0x0000000000001000-0x000000000009ffff]
[    0.005642]   node   0: [mem 0x0000000000100000-0x0000000075cfffff]
[    0.005643]   node   0: [mem 0x0000000075da8000-0x0000000075dfffff]
[    0.005643]   node   0: [mem 0x0000000076000000-0x000000009e1fafff]
[    0.005644]   node   0: [mem 0x00000000a5bff000-0x00000000a7ffcfff]
[    0.005644]   node   0: [mem 0x0000000100000000-0x000000c04fffffff]
[    0.005688]   node   1: [mem 0x000000c050000000-0x000000fc4fffffff]
[    0.005702]   node   1: [mem 0x0000010000000000-0x00000183fd0bffff]
[    0.005733] Initmem setup node 0 [mem 0x0000000000001000-0x000000c04fffffff]
[    0.005736] Initmem setup node 1 [mem 0x000000c050000000-0x00000183fd0bffff]
[    0.005739] On node 0, zone DMA: 1 pages in unavailable ranges
[    0.005754] On node 0, zone DMA: 96 pages in unavailable ranges
[    0.007367] On node 0, zone DMA32: 168 pages in unavailable ranges
[    0.007931] On node 0, zone DMA32: 512 pages in unavailable ranges
[    0.008201] On node 0, zone DMA32: 31236 pages in unavailable ranges
[    0.008320] On node 0, zone Normal: 3 pages in unavailable ranges
[    0.008577] On node 1, zone Normal: 12096 pages in unavailable ranges
[    0.008757] ACPI: PM-Timer IO Port: 0x808
[    0.008806] ACPI: X2APIC_NMI (uid[0xffffffff] high edge lint[0x1])
[    0.008820] IOAPIC[0]: apic_id 240, version 33, address 0xfec00000, GSI 0-23
[    0.008824] IOAPIC[1]: apic_id 241, version 33, address 0xd1500000, GSI 24-55
[    0.008827] IOAPIC[2]: apic_id 242, version 33, address 0xf4180000, GSI 56-87
[    0.008830] IOAPIC[3]: apic_id 243, version 33, address 0xf5180000, GSI 88-119
[    0.008833] IOAPIC[4]: apic_id 244, version 33, address 0xd0180000, GSI 120-151
[    0.008837] IOAPIC[5]: apic_id 245, version 33, address 0xc3400000, GSI 152-183
[    0.008840] IOAPIC[6]: apic_id 246, version 33, address 0xc2180000, GSI 184-215
[    0.008844] IOAPIC[7]: apic_id 247, version 33, address 0xb5280000, GSI 216-247
[    0.008847] IOAPIC[8]: apic_id 248, version 33, address 0xb4180000, GSI 248-279
[    0.008850] ACPI: INT_SRC_OVR (bus 0 bus_irq 0 global_irq 2 dfl dfl)
[    0.008851] ACPI: INT_SRC_OVR (bus 0 bus_irq 9 global_irq 9 low level)
[    0.008856] ACPI: Using ACPI (MADT) for SMP configuration information
[    0.008857] ACPI: HPET id: 0x10228201 base: 0xfed00000
[    0.008867] e820: update [mem 0x962b2000-0x964f2fff] usable ==> reserved
[    0.008883] CPU topo: Max. logical packages:   2
[    0.008884] CPU topo: Max. logical dies:      24
[    0.008884] CPU topo: Max. dies per package:  16
[    0.008887] CPU topo: Max. threads per core:   2
[    0.008888] CPU topo: Num. cores per package:    96
[    0.008889] CPU topo: Num. threads per package: 192
[    0.008889] CPU topo: Allowing 384 present CPUs plus 0 hotplug CPUs
[    0.008936] PM: hibernation: Registered nosave memory: [mem 0x00000000-0x00000fff]
[    0.008938] PM: hibernation: Registered nosave memory: [mem 0x000a0000-0x000fffff]
[    0.008939] PM: hibernation: Registered nosave memory: [mem 0x75d00000-0x75da7fff]
[    0.008941] PM: hibernation: Registered nosave memory: [mem 0x75e00000-0x75ffffff]
[    0.008942] PM: hibernation: Registered nosave memory: [mem 0x91095000-0x91095fff]
[    0.008943] PM: hibernation: Registered nosave memory: [mem 0x910c3000-0x910c3fff]
[    0.008944] PM: hibernation: Registered nosave memory: [mem 0x910c4000-0x910c4fff]
[    0.008945] PM: hibernation: Registered nosave memory: [mem 0x910fc000-0x910fcfff]
[    0.008945] PM: hibernation: Registered nosave memory: [mem 0x910fd000-0x910fdfff]
[    0.008947] PM: hibernation: Registered nosave memory: [mem 0x91135000-0x91135fff]
[    0.008948] PM: hibernation: Registered nosave memory: [mem 0x91187000-0x91187fff]
[    0.008950] PM: hibernation: Registered nosave memory: [mem 0x911b7000-0x911b7fff]
[    0.008950] PM: hibernation: Registered nosave memory: [mem 0x911b8000-0x911b8fff]
[    0.008952] PM: hibernation: Registered nosave memory: [mem 0x911e8000-0x911e8fff]
[    0.008953] PM: hibernation: Registered nosave memory: [mem 0x91259000-0x91259fff]
[    0.008955] PM: hibernation: Registered nosave memory: [mem 0x91269000-0x91269fff]
[    0.008956] PM: hibernation: Registered nosave memory: [mem 0x924d6000-0x924d6fff]
[    0.008958] PM: hibernation: Registered nosave memory: [mem 0x924e2000-0x924e2fff]
[    0.008958] PM: hibernation: Registered nosave memory: [mem 0x924e3000-0x924e3fff]
[    0.008959] PM: hibernation: Registered nosave memory: [mem 0x924ef000-0x924effff]
[    0.008961] PM: hibernation: Registered nosave memory: [mem 0x962b2000-0x964f2fff]
[    0.008962] PM: hibernation: Registered nosave memory: [mem 0x99d6f000-0x99d6ffff]
[    0.008964] PM: hibernation: Registered nosave memory: [mem 0x9e1fb000-0xa379bfff]
[    0.008964] PM: hibernation: Registered nosave memory: [mem 0xa379c000-0xa3a34fff]
[    0.008964] PM: hibernation: Registered nosave memory: [mem 0xa3a35000-0xa400efff]
[    0.008965] PM: hibernation: Registered nosave memory: [mem 0xa400f000-0xa5bfefff]
[    0.008966] PM: hibernation: Registered nosave memory: [mem 0xa7ffd000-0xafffffff]
[    0.008966] PM: hibernation: Registered nosave memory: [mem 0xb0000000-0xb417ffff]
[    0.008967] PM: hibernation: Registered nosave memory: [mem 0xb4180000-0xb4180fff]
[    0.008967] PM: hibernation: Registered nosave memory: [mem 0xb4181000-0xb527ffff]
[    0.008967] PM: hibernation: Registered nosave memory: [mem 0xb5280000-0xb5280fff]
[    0.008968] PM: hibernation: Registered nosave memory: [mem 0xb5281000-0xc217ffff]
[    0.008968] PM: hibernation: Registered nosave memory: [mem 0xc2180000-0xc2180fff]
[    0.008968] PM: hibernation: Registered nosave memory: [mem 0xc2181000-0xd017ffff]
[    0.008969] PM: hibernation: Registered nosave memory: [mem 0xd0180000-0xd0180fff]
[    0.008969] PM: hibernation: Registered nosave memory: [mem 0xd0181000-0xd14fffff]
[    0.008969] PM: hibernation: Registered nosave memory: [mem 0xd1500000-0xd1500fff]
[    0.008969] PM: hibernation: Registered nosave memory: [mem 0xd1501000-0xf417ffff]
[    0.008970] PM: hibernation: Registered nosave memory: [mem 0xf4180000-0xf4180fff]
[    0.008970] PM: hibernation: Registered nosave memory: [mem 0xf4181000-0xf517ffff]
[    0.008970] PM: hibernation: Registered nosave memory: [mem 0xf5180000-0xf5180fff]
[    0.008971] PM: hibernation: Registered nosave memory: [mem 0xf5181000-0xfebfffff]
[    0.008971] PM: hibernation: Registered nosave memory: [mem 0xfec00000-0xfec00fff]
[    0.008971] PM: hibernation: Registered nosave memory: [mem 0xfec01000-0xfec0ffff]
[    0.008972] PM: hibernation: Registered nosave memory: [mem 0xfec10000-0xfec10fff]
[    0.008972] PM: hibernation: Registered nosave memory: [mem 0xfec11000-0xfecfffff]
[    0.008972] PM: hibernation: Registered nosave memory: [mem 0xfed00000-0xfed00fff]
[    0.008972] PM: hibernation: Registered nosave memory: [mem 0xfed01000-0xfed3ffff]
[    0.008973] PM: hibernation: Registered nosave memory: [mem 0xfed40000-0xfed44fff]
[    0.008973] PM: hibernation: Registered nosave memory: [mem 0xfed45000-0xfed7ffff]
[    0.008973] PM: hibernation: Registered nosave memory: [mem 0xfed80000-0xfed8ffff]
[    0.008974] PM: hibernation: Registered nosave memory: [mem 0xfed90000-0xfedbffff]
[    0.008974] PM: hibernation: Registered nosave memory: [mem 0xfedc0000-0xfedc0fff]
[    0.008974] PM: hibernation: Registered nosave memory: [mem 0xfedc1000-0xfedc1fff]
[    0.008974] PM: hibernation: Registered nosave memory: [mem 0xfedc2000-0xfedc8fff]
[    0.008975] PM: hibernation: Registered nosave memory: [mem 0xfedc9000-0xffffffff]
[    0.008976] PM: hibernation: Registered nosave memory: [mem 0xfc50000000-0xffffffffff]
[    0.008978] [mem 0xd1501000-0xf417ffff] available for PCI devices
[    0.008979] Booting paravirtualized kernel on bare hardware
[    0.008981] clocksource: refined-jiffies: mask: 0xffffffff max_cycles: 0xffffffff, max_idle_ns: 1910969940391419 ns
[    0.012512] setup_percpu: NR_CPUS:8192 nr_cpumask_bits:384 nr_cpu_ids:384 nr_node_ids:2
[    0.018293] percpu: Embedded 64 pages/cpu s225280 r8192 d28672 u262144
[    0.018307] pcpu-alloc: s225280 r8192 d28672 u262144 alloc=1*2097152
[    0.018309] pcpu-alloc: [0] 000 001 002 003 004 005 006 007 
[    0.018312] pcpu-alloc: [0] 008 009 010 011 012 013 014 015 
[    0.018314] pcpu-alloc: [0] 016 017 018 019 020 021 022 023 
[    0.018315] pcpu-alloc: [0] 024 025 026 027 028 029 030 031 
[    0.018317] pcpu-alloc: [0] 032 033 034 035 036 037 038 039 
[    0.018319] pcpu-alloc: [0] 040 041 042 043 044 045 046 047 
[    0.018320] pcpu-alloc: [0] 048 049 050 051 052 053 054 055 
[    0.018322] pcpu-alloc: [0] 056 057 058 059 060 061 062 063 
[    0.018323] pcpu-alloc: [0] 064 065 066 067 068 069 070 071 
[    0.018325] pcpu-alloc: [0] 072 073 074 075 076 077 078 079 
[    0.018327] pcpu-alloc: [0] 080 081 082 083 084 085 086 087 
[    0.018328] pcpu-alloc: [0] 088 089 090 091 092 093 094 095 
[    0.018330] pcpu-alloc: [0] 192 193 194 195 196 197 198 199 
[    0.018331] pcpu-alloc: [0] 200 201 202 203 204 205 206 207 
[    0.018333] pcpu-alloc: [0] 208 209 210 211 212 213 214 215 
[    0.018335] pcpu-alloc: [0] 216 217 218 219 220 221 222 223 
[    0.018336] pcpu-alloc: [0] 224 225 226 227 228 229 230 231 
[    0.018338] pcpu-alloc: [0] 232 233 234 235 236 237 238 239 
[    0.018339] pcpu-alloc: [0] 240 241 242 243 244 245 246 247 
[    0.018341] pcpu-alloc: [0] 248 249 250 251 252 253 254 255 
[    0.018342] pcpu-alloc: [0] 256 257 258 259 260 261 262 263 
[    0.018344] pcpu-alloc: [0] 264 265 266 267 268 269 270 271 
[    0.018346] pcpu-alloc: [0] 272 273 274 275 276 277 278 279 
[    0.018347] pcpu-alloc: [0] 280 281 282 283 284 285 286 287 
[    0.018349] pcpu-alloc: [1] 096 097 098 099 100 101 102 103 
[    0.018350] pcpu-alloc: [1] 104 105 106 107 108 109 110 111 
[    0.018352] pcpu-alloc: [1] 112 113 114 115 116 117 118 119 
[    0.018354] pcpu-alloc: [1] 120 121 122 123 124 125 126 127 
[    0.018355] pcpu-alloc: [1] 128 129 130 131 132 133 134 135 
[    0.018357] pcpu-alloc: [1] 136 137 138 139 140 141 142 143 
[    0.018358] pcpu-alloc: [1] 144 145 146 147 148 149 150 151 
[    0.018360] pcpu-alloc: [1] 152 153 154 155 156 157 158 159 
[    0.018361] pcpu-alloc: [1] 160 161 162 163 164 165 166 167 
[    0.018363] pcpu-alloc: [1] 168 169 170 171 172 173 174 175 
[    0.018365] pcpu-alloc: [1] 176 177 178 179 180 181 182 183 
[    0.018366] pcpu-alloc: [1] 184 185 186 187 188 189 190 191 
[    0.018368] pcpu-alloc: [1] 288 289 290 291 292 293 294 295 
[    0.018369] pcpu-alloc: [1] 296 297 298 299 300 301 302 303 
[    0.018371] pcpu-alloc: [1] 304 305 306 307 308 309 310 311 
[    0.018373] pcpu-alloc: [1] 312 313 314 315 316 317 318 319 
[    0.018374] pcpu-alloc: [1] 320 321 322 323 324 325 326 327 
[    0.018376] pcpu-alloc: [1] 328 329 330 331 332 333 334 335 
[    0.018377] pcpu-alloc: [1] 336 337 338 339 340 341 342 343 
[    0.018379] pcpu-alloc: [1] 344 345 346 347 348 349 350 351 
[    0.018380] pcpu-alloc: [1] 352 353 354 355 356 357 358 359 
[    0.018382] pcpu-alloc: [1] 360 361 362 363 364 365 366 367 
[    0.018384] pcpu-alloc: [1] 368 369 370 371 372 373 374 375 
[    0.018385] pcpu-alloc: [1] 376 377 378 379 380 381 382 383 
[    0.018419] Kernel command line: BOOT_IMAGE=(hd2,gpt2)/vmlinuz-5.14.0-570.23.1.el9_6.x86_64 root=/dev/mapper/rl-root ro crashkernel=1G-4G:192M,4G-64G:256M,64G-:512M resume=/dev/mapper/rl-swap rd.lvm.lv=rl/root rd.lvm.lv=rl/swap rhgb quiet
[    0.018494] Unknown kernel command line parameters "rhgb BOOT_IMAGE=(hd2,gpt2)/vmlinuz-5.14.0-570.23.1.el9_6.x86_64", will be passed to user space.
[    0.018514] random: crng init done
[    0.018515] printk: log_buf_len individual max cpu contribution: 4096 bytes
[    0.018516] printk: log_buf_len total cpu_extra contributions: 1568768 bytes
[    0.018516] printk: log_buf_len min size: 1048576 bytes
[    0.019894] printk: log_buf_len: 4194304 bytes
[    0.019894] printk: early log buf free: 1001136(95%)
[    0.025416] Fallback order for Node 0: 0 1 
[    0.025419] Fallback order for Node 1: 1 0 
[    0.025455] Built 2 zonelists, mobility grouping on.  Total pages: 396225472
[    0.025456] Policy zone: Normal
[    0.025582] mem auto-init: stack:off, heap alloc:off, heap free:off
[    0.025611] software IO TLB: area num 512.
[    0.025612] software IO TLB: SWIOTLB bounce buffer size roundup to 128MB
[    0.152254] Memory: 2007276K/1610305216K available (16384K kernel code, 5766K rwdata, 13628K rodata, 4048K init, 7384K bss, 26223104K reserved, 0K cma-reserved)
[    0.152648] SLUB: HWalign=64, Order=0-3, MinObjects=0, CPUs=384, Nodes=2
[    0.152684] ftrace: allocating 49058 entries in 192 pages
[    0.160394] ftrace: allocated 192 pages with 2 groups
[    0.161263] Dynamic Preempt: voluntary
[    0.162148] rcu: Preemptible hierarchical RCU implementation.
[    0.162149] rcu: 	RCU event tracing is enabled.
[    0.162150] rcu: 	RCU restricting CPUs from NR_CPUS=8192 to nr_cpu_ids=384.
[    0.162151] 	Trampoline variant of Tasks RCU enabled.
[    0.162151] 	Rude variant of Tasks RCU enabled.
[    0.162151] 	Tracing variant of Tasks RCU enabled.
[    0.162152] rcu: RCU calculated value of scheduler-enlistment delay is 101 jiffies.
[    0.162152] rcu: Adjusting geometry for rcu_fanout_leaf=16, nr_cpu_ids=384
[    0.162284] RCU Tasks: Setting shift to 9 and lim to 1 rcu_task_cb_adjust=1.
[    0.162298] RCU Tasks Rude: Setting shift to 9 and lim to 1 rcu_task_cb_adjust=1.
[    0.162312] RCU Tasks Trace: Setting shift to 9 and lim to 1 rcu_task_cb_adjust=1.
[    0.164919] NR_IRQS: 524544, nr_irqs: 7848, preallocated irqs: 16
[    0.165148] rcu: srcu_init: Setting srcu_struct sizes to big.
[    0.165269] kfence: initialized - using 2097152 bytes for 255 objects at 0x(____ptrval____)-0x(____ptrval____)
[    0.165518] Console: colour dummy device 80x25
[    0.165520] printk: legacy console [tty0] enabled
[    0.165659] mempolicy: Enabling automatic NUMA balancing. Configure with numa_balancing= or the kernel.numa_balancing sysctl
[    0.165661] ACPI: Core revision 20230331
[    0.166888] clocksource: hpet: mask: 0xffffffff max_cycles: 0xffffffff, max_idle_ns: 133484873504 ns
[    0.166903] APIC: Switch to symmetric I/O mode setup
[    0.167556] AMD-Vi: Using global IVHD EFR:0x25bf732fa2295afe, EFR2:0x1d
[    0.169607] ..TIMER: vector=0x30 apic1=0 pin1=2 apic2=-1 pin2=-1
[    0.173913] clocksource: tsc-early: mask: 0xffffffffffffffff max_cycles: 0x22986a9a023, max_idle_ns: 440795251913 ns
[    0.173920] Calibrating delay loop (skipped), value calculated using timer frequency.. 4800.10 BogoMIPS (lpj=2400054)
[    0.173935] x86/cpu: User Mode Instruction Prevention (UMIP) activated
[    0.174054] LVT offset 2 assigned for vector 0xf4
[    0.174090] process: using mwait in idle threads
[    0.174091] Last level iTLB entries: 4KB 512, 2MB 512, 4MB 256
[    0.174091] Last level dTLB entries: 4KB 3072, 2MB 3072, 4MB 1536, 1GB 0
[    0.174094] Spectre V1 : Mitigation: usercopy/swapgs barriers and __user pointer sanitization
[    0.174096] Spectre V2 : Mitigation: Enhanced / Automatic IBRS
[    0.174096] Spectre V2 : Spectre v2 / SpectreRSB mitigation: Filling RSB on context switch
[    0.174098] Spectre V2 : mitigation: Enabling conditional Indirect Branch Prediction Barrier
[    0.174098] Spectre V2 : User space: Mitigation: STIBP always-on protection
[    0.174099] Speculative Store Bypass: Mitigation: Speculative Store Bypass disabled via prctl
[    0.174100] Speculative Return Stack Overflow: Mitigation: Safe RET
[    0.174105] x86/fpu: Supporting XSAVE feature 0x001: 'x87 floating point registers'
[    0.174106] x86/fpu: Supporting XSAVE feature 0x002: 'SSE registers'
[    0.174106] x86/fpu: Supporting XSAVE feature 0x004: 'AVX registers'
[    0.174107] x86/fpu: Supporting XSAVE feature 0x020: 'AVX-512 opmask'
[    0.174108] x86/fpu: Supporting XSAVE feature 0x040: 'AVX-512 Hi256'
[    0.174108] x86/fpu: Supporting XSAVE feature 0x080: 'AVX-512 ZMM_Hi256'
[    0.174108] x86/fpu: Supporting XSAVE feature 0x200: 'Protection Keys User registers'
[    0.174109] x86/fpu: Supporting XSAVE feature 0x800: 'Control-flow User registers'
[    0.174110] x86/fpu: xstate_offset[2]:  576, xstate_sizes[2]:  256
[    0.174111] x86/fpu: xstate_offset[5]:  832, xstate_sizes[5]:   64
[    0.174111] x86/fpu: xstate_offset[6]:  896, xstate_sizes[6]:  512
[    0.174112] x86/fpu: xstate_offset[7]: 1408, xstate_sizes[7]: 1024
[    0.174112] x86/fpu: xstate_offset[9]: 2432, xstate_sizes[9]:    8
[    0.174113] x86/fpu: xstate_offset[11]: 2440, xstate_sizes[11]:   16
[    0.174114] x86/fpu: Enabled xstate features 0xae7, context size is 2456 bytes, using 'compacted' format.
[    0.190265] Freeing SMP alternatives memory: 40K
[    0.190270] pid_max: default: 393216 minimum: 3072
[    0.197060] LSM: initializing lsm=lockdown,capability,landlock,yama,integrity,selinux,bpf
[    0.197149] landlock: Up and running.
[    0.197151] Yama: becoming mindful.
[    0.197170] SELinux:  Initializing.
[    0.197633] LSM support for eBPF active
[    0.210306] Dentry cache hash table entries: 33554432 (order: 16, 268435456 bytes, vmalloc hugepage)
[    0.216025] Inode-cache hash table entries: 16777216 (order: 15, 134217728 bytes, vmalloc hugepage)
[    0.216263] Mount-cache hash table entries: 524288 (order: 10, 4194304 bytes, vmalloc hugepage)
[    0.216446] Mountpoint-cache hash table entries: 524288 (order: 10, 4194304 bytes, vmalloc hugepage)
[    0.319630] smpboot: CPU0: AMD EPYC 9654 96-Core Processor (family: 0x19, model: 0x11, stepping: 0x1)
[    0.319917] Performance Events: Fam17h+ 16-deep LBR, core perfctr, AMD PMU driver.
[    0.319917] ... version:                2
[    0.319917] ... bit width:              48
[    0.319917] ... generic registers:      6
[    0.319917] ... value mask:             0000ffffffffffff
[    0.319917] ... max period:             00007fffffffffff
[    0.319917] ... fixed-purpose events:   0
[    0.319917] ... event mask:             000000000000003f
[    0.319917] signal: max sigframe size: 3376
[    0.319917] rcu: Hierarchical SRCU implementation.
[    0.319917] rcu: 	Max phase no-delay instances is 400.
[    0.322993] NMI watchdog: Enabled. Permanently consumes one hw-PMU counter.
[    0.325707] smp: Bringing up secondary CPUs ...
[    0.325838] smpboot: x86: Booting SMP configuration:
[    0.325839] .... node  #0, CPUs:          #1   #2   #3   #4   #5   #6   #7   #8   #9  #10  #11  #12  #13  #14  #15  #16  #17  #18  #19  #20  #21  #22  #23  #24  #25  #26  #27  #28  #29  #30  #31  #32  #33  #34  #35  #36  #37  #38  #39  #40  #41  #42  #43  #44  #45  #46  #47  #48  #49  #50  #51  #52  #53  #54  #55  #56  #57  #58  #59  #60  #61  #62  #63  #64  #65  #66  #67  #68  #69  #70  #71  #72  #73  #74  #75  #76  #77  #78  #79  #80  #81  #82  #83  #84  #85  #86  #87  #88  #89  #90  #91  #92  #93  #94  #95
[    0.339130] .... node  #1, CPUs:    #96  #97  #98  #99 #100 #101 #102 #103 #104 #105 #106 #107 #108 #109 #110 #111 #112 #113 #114 #115 #116 #117 #118 #119 #120 #121 #122 #123 #124 #125 #126 #127 #128 #129 #130 #131 #132 #133 #134 #135 #136 #137 #138 #139 #140 #141 #142 #143 #144 #145 #146 #147 #148 #149 #150 #151 #152 #153 #154 #155 #156 #157 #158 #159 #160 #161 #162 #163 #164 #165 #166 #167 #168 #169 #170 #171 #172 #173 #174 #175 #176 #177 #178 #179 #180 #181 #182 #183 #184 #185 #186 #187 #188 #189 #190 #191
[    0.601085] .... node  #0, CPUs:   #192 #193 #194 #195 #196 #197 #198 #199 #200 #201 #202 #203 #204 #205 #206 #207 #208 #209 #210 #211 #212 #213 #214 #215 #216 #217 #218 #219 #220 #221 #222 #223 #224 #225 #226 #227 #228 #229 #230 #231 #232 #233 #234 #235 #236 #237 #238 #239 #240 #241 #242 #243 #244 #245 #246 #247 #248 #249 #250 #251 #252 #253 #254 #255 #256 #257 #258 #259 #260 #261 #262 #263 #264 #265 #266 #267 #268 #269 #270 #271 #272 #273 #274 #275 #276 #277 #278 #279 #280 #281 #282 #283 #284 #285 #286 #287
[    0.617899] .... node  #1, CPUs:   #288 #289 #290 #291 #292 #293 #294 #295 #296 #297 #298 #299 #300 #301 #302 #303 #304 #305 #306 #307 #308 #309 #310 #311 #312 #313 #314 #315 #316 #317 #318 #319 #320 #321 #322 #323 #324 #325 #326 #327 #328 #329 #330 #331 #332 #333 #334 #335 #336 #337 #338 #339 #340 #341 #342 #343 #344 #345 #346 #347 #348 #349 #350 #351 #352 #353 #354 #355 #356 #357 #358 #359 #360 #361 #362 #363 #364 #365 #366 #367 #368 #369 #370 #371 #372 #373 #374 #375 #376 #377 #378 #379 #380 #381 #382 #383
[    0.635276] Spectre V2 : Update user space SMT mitigation: STIBP always-on
[    0.882097] smp: Brought up 2 nodes, 384 CPUs
[    0.882097] smpboot: Total of 384 processors activated (1843241.47 BogoMIPS)
[    1.094157] node 1 deferred pages initialised in 172ms
[    1.100055] node 0 deferred pages initialised in 178ms
[    1.114020] devtmpfs: initialized
[    1.114020] x86/mm: Memory block size: 2048MB
[    1.130966] ACPI: PM: Registering ACPI NVS region [mem 0x75d00000-0x75da7fff] (688128 bytes)
[    1.130983] ACPI: PM: Registering ACPI NVS region [mem 0xa3a35000-0xa400efff] (6135808 bytes)
[    1.131214] clocksource: jiffies: mask: 0xffffffff max_cycles: 0xffffffff, max_idle_ns: 1911260446275000 ns
[    1.131247] futex hash table entries: 131072 (order: 11, 8388608 bytes, vmalloc hugepage)
[    1.131945] pinctrl core: initialized pinctrl subsystem
[    1.132724] NET: Registered PF_NETLINK/PF_ROUTE protocol family
[    1.132939] DMA: preallocated 4096 KiB GFP_KERNEL pool for atomic allocations
[    1.132945] DMA: preallocated 4096 KiB GFP_KERNEL|GFP_DMA pool for atomic allocations
[    1.132949] DMA: preallocated 4096 KiB GFP_KERNEL|GFP_DMA32 pool for atomic allocations
[    1.132973] audit: initializing netlink subsys (disabled)
[    1.132979] audit: type=2000 audit(1751604909.965:1): state=initialized audit_enabled=0 res=1
[    1.133088] thermal_sys: Registered thermal governor 'fair_share'
[    1.133090] thermal_sys: Registered thermal governor 'step_wise'
[    1.133092] thermal_sys: Registered thermal governor 'user_space'
[    1.133100] cpuidle: using governor menu
[    1.137055] ACPI FADT declares the system doesn't support PCIe ASPM, so disable it
[    1.137057] acpiphp: ACPI Hot Plug PCI Controller Driver version: 0.5
[    1.137277] PCI: ECAM [mem 0xe0000000-0xefffffff] (base 0xe0000000) for domain 0000 [bus 00-ff]
[    1.137297] PCI: Using configuration type 1 for base access
[    1.151992] kprobes: kprobe jump-optimization is enabled. All kprobes are optimized if possible.
[    1.153041] HugeTLB: registered 1.00 GiB page size, pre-allocated 0 pages
[    1.153041] HugeTLB: 16380 KiB vmemmap can be freed for a 1.00 GiB page
[    1.153041] HugeTLB: registered 2.00 MiB page size, pre-allocated 0 pages
[    1.153041] HugeTLB: 28 KiB vmemmap can be freed for a 2.00 MiB page
[    1.153041] Demotion targets for Node 0: null
[    1.153041] Demotion targets for Node 1: null
[    1.154093] cryptd: max_cpu_qlen set to 1000
[    1.154277] ACPI: Added _OSI(Module Device)
[    1.154279] ACPI: Added _OSI(Processor Device)
[    1.154281] ACPI: Added _OSI(3.0 _SCP Extensions)
[    1.154283] ACPI: Added _OSI(Processor Aggregator Device)
[    1.201880] ACPI: 7 ACPI AML tables successfully acquired and loaded
[    1.215540] ACPI: _OSC evaluation for CPUs failed, trying _PDC
[    1.219241] ACPI: Interpreter enabled
[    1.219258] ACPI: PM: (supports S0 S5)
[    1.219260] ACPI: Using IOAPIC for interrupt routing
[    1.223288] HEST: Table parsing has been initialized.
[    1.223407] GHES: APEI firmware first mode is enabled by APEI bit.
[    1.223412] PCI: Using host bridge windows from ACPI; if necessary, use "pci=nocrs" and report a bug
[    1.223414] PCI: Ignoring E820 reservations for host bridge windows
[    1.225204] ACPI: Enabled 2 GPEs in block 00 to 1F
[    1.226960] ACPI: \_SB_.S0D0.C000.SATA.P0SA: New power resource
[    1.226990] ACPI: \_SB_.S0D0.C000.SATA.P3SA: New power resource
[    1.227369] ACPI: \_SB_.S0D0.C000.SAT2.P0SA: New power resource
[    1.227395] ACPI: \_SB_.S0D0.C000.SAT2.P3SA: New power resource
[    1.230039] ACPI: \_SB_.PCI0.C021.SATA.P0SA: New power resource
[    1.230066] ACPI: \_SB_.PCI0.C021.SATA.P3SA: New power resource
[    1.230446] ACPI: \_SB_.PCI0.C021.SAT2.P0SA: New power resource
[    1.230472] ACPI: \_SB_.PCI0.C021.SAT2.P3SA: New power resource
[    1.237591] ACPI: \_SB_.S1D0.C100.SATA.P0SA: New power resource
[    1.237621] ACPI: \_SB_.S1D0.C100.SATA.P3SA: New power resource
[    1.238012] ACPI: \_SB_.S1D0.C100.SAT2.P0SA: New power resource
[    1.238037] ACPI: \_SB_.S1D0.C100.SAT2.P3SA: New power resource
[    1.240731] ACPI: \_SB_.S1D2.C121.SATA.P0SA: New power resource
[    1.240758] ACPI: \_SB_.S1D2.C121.SATA.P3SA: New power resource
[    1.241143] ACPI: \_SB_.S1D2.C121.SAT2.P0SA: New power resource
[    1.241169] ACPI: \_SB_.S1D2.C121.SAT2.P3SA: New power resource
[    1.262558] ACPI: PCI Root Bridge [S0D0] (domain 0000 [bus 60-7f])
[    1.262568] acpi PNP0A08:00: _OSC: OS supports [ExtendedConfig ASPM ClockPM Segments MSI EDR HPX-Type3]
[    1.262729] acpi PNP0A08:00: _OSC: platform does not support [AER LTR DPC]
[    1.263004] acpi PNP0A08:00: _OSC: OS now controls [PCIeHotplug SHPCHotplug PME PCIeCapability]
[    1.263006] acpi PNP0A08:00: FADT indicates ASPM is unsupported, using BIOS configuration
[    1.263303] PCI host bridge to bus 0000:60
[    1.263306] pci_bus 0000:60: root bus resource [io  0x7000-0x8fff window]
[    1.263309] pci_bus 0000:60: root bus resource [mem 0xd2000000-0xd34fffff window]
[    1.263311] pci_bus 0000:60: root bus resource [mem 0x18421000000-0x28420ffffff window]
[    1.263313] pci_bus 0000:60: root bus resource [bus 60-7f]
[    1.263328] pci 0000:60:00.0: [1022:14a4] type 00 class 0x060000 conventional PCI endpoint
[    1.263442] pci 0000:60:00.2: [1022:149e] type 00 class 0x080600 conventional PCI endpoint
[    1.263560] pci 0000:60:00.3: [1022:14a6] type 00 class 0x080700 PCIe Root Complex Event Collector
[    1.263603] pci 0000:60:00.3: enabling Extended Tags
[    1.263760] pci 0000:60:01.0: [1022:149f] type 00 class 0x060000 conventional PCI endpoint
[    1.263830] pci 0000:60:02.0: [1022:149f] type 00 class 0x060000 conventional PCI endpoint
[    1.263901] pci 0000:60:03.0: [1022:149f] type 00 class 0x060000 conventional PCI endpoint
[    1.263973] pci 0000:60:04.0: [1022:149f] type 00 class 0x060000 conventional PCI endpoint
[    1.264043] pci 0000:60:05.0: [1022:149f] type 00 class 0x060000 conventional PCI endpoint
[    1.264116] pci 0000:60:05.2: [1022:14aa] type 01 class 0x060400 PCIe Root Port
[    1.264134] pci 0000:60:05.2: PCI bridge to [bus 61-62]
[    1.264139] pci 0000:60:05.2:   bridge window [io  0x8000-0x8fff]
[    1.264142] pci 0000:60:05.2:   bridge window [mem 0xd2000000-0xd30fffff]
[    1.264207] pci 0000:60:05.2: PME# supported from D0 D3hot D3cold
[    1.264338] pci 0000:60:05.3: [1022:14aa] type 01 class 0x060400 PCIe Root Port
[    1.264356] pci 0000:60:05.3: PCI bridge to [bus 63]
[    1.264361] pci 0000:60:05.3:   bridge window [io  0x7000-0x7fff]
[    1.264363] pci 0000:60:05.3:   bridge window [mem 0xd3400000-0xd34fffff]
[    1.264428] pci 0000:60:05.3: PME# supported from D0 D3hot D3cold
[    1.264549] pci 0000:60:07.0: [1022:149f] type 00 class 0x060000 conventional PCI endpoint
[    1.264622] pci 0000:60:07.1: [1022:14a7] type 01 class 0x060400 PCIe Root Port
[    1.264638] pci 0000:60:07.1: PCI bridge to [bus 64]
[    1.264643] pci 0000:60:07.1:   bridge window [mem 0xd3300000-0xd33fffff]
[    1.264650] pci 0000:60:07.1:   bridge window [mem 0x28420f00000-0x28420ffffff 64bit pref]
[    1.264657] pci 0000:60:07.1: enabling Extended Tags
[    1.264698] pci 0000:60:07.1: PME# supported from D0 D3hot D3cold
[    1.264836] pci 0000:60:07.2: [1022:14a7] type 01 class 0x060400 PCIe Root Port
[    1.264851] pci 0000:60:07.2: PCI bridge to [bus 65]
[    1.264857] pci 0000:60:07.2:   bridge window [mem 0xd3200000-0xd32fffff]
[    1.264869] pci 0000:60:07.2: enabling Extended Tags
[    1.264909] pci 0000:60:07.2: PME# supported from D0 D3hot D3cold
[    1.265552] pci 0000:61:00.0: [1a03:1150] type 01 class 0x060400 PCIe to PCI/PCI-X bridge
[    1.265578] pci 0000:61:00.0: PCI bridge to [bus 62]
[    1.265584] pci 0000:61:00.0:   bridge window [io  0x8000-0x8fff]
[    1.265588] pci 0000:61:00.0:   bridge window [mem 0xd2000000-0xd30fffff]
[    1.265610] pci 0000:61:00.0: enabling Extended Tags
[    1.265673] pci 0000:61:00.0: supports D1 D2
[    1.265674] pci 0000:61:00.0: PME# supported from D0 D1 D2 D3hot D3cold
[    1.265797] pci 0000:60:05.2: PCI bridge to [bus 61-62]
[    1.265834] pci_bus 0000:62: extended config space not accessible
[    1.265854] pci 0000:62:00.0: [1a03:2000] type 00 class 0x030000 conventional PCI endpoint
[    1.265896] pci 0000:62:00.0: BAR 0 [mem 0xd2000000-0xd2ffffff]
[    1.265899] pci 0000:62:00.0: BAR 1 [mem 0xd3000000-0xd303ffff]
[    1.265901] pci 0000:62:00.0: BAR 2 [io  0x8000-0x807f]
[    1.265943] pci 0000:62:00.0: supports D1 D2
[    1.265944] pci 0000:62:00.0: PME# supported from D0 D1 D2 D3hot D3cold
[    1.266042] pci 0000:61:00.0: PCI bridge to [bus 62]
[    1.266142] pci 0000:63:00.0: [1b21:0612] type 00 class 0x010601 PCIe Legacy Endpoint
[    1.266183] pci 0000:63:00.0: BAR 0 [io  0x7050-0x7057]
[    1.266186] pci 0000:63:00.0: BAR 1 [io  0x7040-0x7043]
[    1.266188] pci 0000:63:00.0: BAR 2 [io  0x7030-0x7037]
[    1.266190] pci 0000:63:00.0: BAR 3 [io  0x7020-0x7023]
[    1.266193] pci 0000:63:00.0: BAR 4 [io  0x7000-0x701f]
[    1.266195] pci 0000:63:00.0: BAR 5 [mem 0xd3400000-0xd34001ff]
[    1.266344] pci 0000:60:05.3: PCI bridge to [bus 63]
[    1.266450] pci 0000:64:00.0: [1022:14ac] type 00 class 0x130000 PCIe Endpoint
[    1.266477] pci 0000:64:00.0: enabling Extended Tags
[    1.266624] pci 0000:64:00.1: [1022:14dc] type 00 class 0x088000 PCIe Endpoint
[    1.266646] pci 0000:64:00.1: BAR 0 [mem 0x28420f80000-0x28420ffffff 64bit pref]
[    1.266649] pci 0000:64:00.1: BAR 2 [mem 0x28420f00000-0x28420f7ffff 64bit pref]
[    1.266655] pci 0000:64:00.1: enabling Extended Tags
[    1.266789] pci 0000:64:00.4: [1022:14c9] type 00 class 0x0c0330 PCIe Endpoint
[    1.266813] pci 0000:64:00.4: BAR 0 [mem 0xd3300000-0xd33fffff 64bit]
[    1.266820] pci 0000:64:00.4: enabling Extended Tags
[    1.266853] pci 0000:64:00.4: PME# supported from D0 D3hot D3cold
[    1.267519] pci 0000:60:07.1: PCI bridge to [bus 64]
[    1.267603] pci 0000:65:00.0: [1022:7901] type 00 class 0x010601 PCIe Endpoint
[    1.267628] pci 0000:65:00.0: BAR 5 [mem 0xd3201000-0xd32017ff]
[    1.267633] pci 0000:65:00.0: enabling Extended Tags
[    1.267674] pci 0000:65:00.0: PME# supported from D3hot D3cold
[    1.267798] pci 0000:65:00.1: [1022:7901] type 00 class 0x010601 PCIe Endpoint
[    1.267823] pci 0000:65:00.1: BAR 5 [mem 0xd3200000-0xd32007ff]
[    1.267828] pci 0000:65:00.1: enabling Extended Tags
[    1.267858] pci 0000:65:00.1: PME# supported from D3hot D3cold
[    1.267990] pci 0000:60:07.2: PCI bridge to [bus 65]
[    1.268116] pci_bus 0000:60: on NUMA node 0
[    1.268576] ACPI: PCI Root Bridge [S0D1] (domain 0000 [bus 40-5f])
[    1.268579] acpi PNP0A08:01: _OSC: OS supports [ExtendedConfig ASPM ClockPM Segments MSI EDR HPX-Type3]
[    1.268735] acpi PNP0A08:01: _OSC: platform does not support [AER LTR DPC]
[    1.269010] acpi PNP0A08:01: _OSC: OS now controls [PCIeHotplug SHPCHotplug PME PCIeCapability]
[    1.269011] acpi PNP0A08:01: FADT indicates ASPM is unsupported, using BIOS configuration
[    1.269234] PCI host bridge to bus 0000:40
[    1.269237] pci_bus 0000:40: root bus resource [io  0x5000-0x6fff window]
[    1.269239] pci_bus 0000:40: root bus resource [mem 0x28421000000-0x38420ffffff window]
[    1.269241] pci_bus 0000:40: root bus resource [bus 40-5f]
[    1.269250] pci 0000:40:00.0: [1022:14a4] type 00 class 0x060000 conventional PCI endpoint
[    1.269331] pci 0000:40:00.2: [1022:149e] type 00 class 0x080600 conventional PCI endpoint
[    1.269439] pci 0000:40:00.3: [1022:14a6] type 00 class 0x080700 PCIe Root Complex Event Collector
[    1.269482] pci 0000:40:00.3: enabling Extended Tags
[    1.269634] pci 0000:40:01.0: [1022:149f] type 00 class 0x060000 conventional PCI endpoint
[    1.269703] pci 0000:40:02.0: [1022:149f] type 00 class 0x060000 conventional PCI endpoint
[    1.269774] pci 0000:40:03.0: [1022:149f] type 00 class 0x060000 conventional PCI endpoint
[    1.269843] pci 0000:40:04.0: [1022:149f] type 00 class 0x060000 conventional PCI endpoint
[    1.269912] pci 0000:40:05.0: [1022:149f] type 00 class 0x060000 conventional PCI endpoint
[    1.269985] pci 0000:40:07.0: [1022:149f] type 00 class 0x060000 conventional PCI endpoint
[    1.270055] pci 0000:40:07.1: [1022:14a7] type 01 class 0x060400 PCIe Root Port
[    1.270070] pci 0000:40:07.1: PCI bridge to [bus 41]
[    1.270080] pci 0000:40:07.1:   bridge window [mem 0x38420f00000-0x38420ffffff 64bit pref]
[    1.270087] pci 0000:40:07.1: enabling Extended Tags
[    1.270126] pci 0000:40:07.1: PME# supported from D0 D3hot D3cold
[    1.270325] pci 0000:41:00.0: [1022:14ac] type 00 class 0x130000 PCIe Endpoint
[    1.270352] pci 0000:41:00.0: enabling Extended Tags
[    1.270499] pci 0000:41:00.1: [1022:14dc] type 00 class 0x088000 PCIe Endpoint
[    1.270520] pci 0000:41:00.1: BAR 0 [mem 0x38420f80000-0x38420ffffff 64bit pref]
[    1.270522] pci 0000:41:00.1: BAR 2 [mem 0x38420f00000-0x38420f7ffff 64bit pref]
[    1.270529] pci 0000:41:00.1: enabling Extended Tags
[    1.270949] pci 0000:40:07.1: PCI bridge to [bus 41]
[    1.270993] pci_bus 0000:40: on NUMA node 0
[    1.271188] ACPI: PCI Root Bridge [PCI0] (domain 0000 [bus 00-1f])
[    1.271191] acpi PNP0A08:02: _OSC: OS supports [ExtendedConfig ASPM ClockPM Segments MSI EDR HPX-Type3]
[    1.271336] acpi PNP0A08:02: _OSC: platform does not support [AER LTR DPC]
[    1.272141] acpi PNP0A08:02: _OSC: OS now controls [PCIeHotplug SHPCHotplug PME PCIeCapability]
[    1.272142] acpi PNP0A08:02: FADT indicates ASPM is unsupported, using BIOS configuration
[    1.272525] PCI host bridge to bus 0000:00
[    1.272528] pci_bus 0000:00: root bus resource [io  0x0000-0x03af window]
[    1.272530] pci_bus 0000:00: root bus resource [io  0x03e0-0x0cf7 window]
[    1.272532] pci_bus 0000:00: root bus resource [io  0x03b0-0x03df window]
[    1.272533] pci_bus 0000:00: root bus resource [io  0x1000-0x3fff window]
[    1.272535] pci_bus 0000:00: root bus resource [mem 0x000a0000-0x000dffff window]
[    1.272536] pci_bus 0000:00: root bus resource [mem 0xf6000000-0xf76fffff window]
[    1.272538] pci_bus 0000:00: root bus resource [mem 0x38481000000-0x48480ffffff window]
[    1.272539] pci_bus 0000:00: root bus resource [bus 00-1f]
[    1.272549] pci 0000:00:00.0: [1022:14a4] type 00 class 0x060000 conventional PCI endpoint
[    1.272633] pci 0000:00:00.2: [1022:149e] type 00 class 0x080600 conventional PCI endpoint
[    1.272742] pci 0000:00:00.3: [1022:14a6] type 00 class 0x080700 PCIe Root Complex Event Collector
[    1.272918] pci 0000:00:00.3: enabling Extended Tags
[    1.273072] pci 0000:00:01.0: [1022:149f] type 00 class 0x060000 conventional PCI endpoint
[    1.273144] pci 0000:00:01.1: [1022:14ab] type 01 class 0x060400 PCIe Root Port
[    1.273160] pci 0000:00:01.1: PCI bridge to [bus 01]
[    1.273166] pci 0000:00:01.1:   bridge window [mem 0xf6000000-0xf70fffff]
[    1.273246] pci 0000:00:01.1: PME# supported from D0 D3hot D3cold
[    1.273922] pci 0000:00:02.0: [1022:149f] type 00 class 0x060000 conventional PCI endpoint
[    1.273997] pci 0000:00:03.0: [1022:149f] type 00 class 0x060000 conventional PCI endpoint
[    1.274071] pci 0000:00:04.0: [1022:149f] type 00 class 0x060000 conventional PCI endpoint
[    1.274146] pci 0000:00:05.0: [1022:149f] type 00 class 0x060000 conventional PCI endpoint
[    1.274218] pci 0000:00:05.1: [1022:14aa] type 01 class 0x060400 PCIe Root Port
[    1.274235] pci 0000:00:05.1: PCI bridge to [bus 02]
[    1.274240] pci 0000:00:05.1:   bridge window [mem 0xf7600000-0xf76fffff]
[    1.274247] pci 0000:00:05.1:   bridge window [mem 0x4847e000000-0x48480afffff 64bit pref]
[    1.274319] pci 0000:00:05.1: PME# supported from D0 D3hot D3cold
[    1.274466] pci 0000:00:07.0: [1022:149f] type 00 class 0x060000 conventional PCI endpoint
[    1.274536] pci 0000:00:07.1: [1022:14a7] type 01 class 0x060400 PCIe Root Port
[    1.274551] pci 0000:00:07.1: PCI bridge to [bus 03]
[    1.274556] pci 0000:00:07.1:   bridge window [mem 0xf7200000-0xf74fffff]
[    1.274563] pci 0000:00:07.1:   bridge window [mem 0x48480c00000-0x48480cfffff 64bit pref]
[    1.274570] pci 0000:00:07.1: enabling Extended Tags
[    1.274611] pci 0000:00:07.1: PME# supported from D0 D3hot D3cold
[    1.274746] pci 0000:00:07.2: [1022:14a7] type 01 class 0x060400 PCIe Root Port
[    1.274761] pci 0000:00:07.2: PCI bridge to [bus 04]
[    1.274766] pci 0000:00:07.2:   bridge window [mem 0xf7500000-0xf75fffff]
[    1.274778] pci 0000:00:07.2: enabling Extended Tags
[    1.274818] pci 0000:00:07.2: PME# supported from D0 D3hot D3cold
[    1.274967] pci 0000:00:14.0: [1022:790b] type 00 class 0x0c0500 conventional PCI endpoint
[    1.275085] pci 0000:00:14.3: [1022:790e] type 00 class 0x060100 conventional PCI endpoint
[    1.275228] pci 0000:00:18.0: [1022:14ad] type 00 class 0x060000 conventional PCI endpoint
[    1.275285] pci 0000:00:18.1: [1022:14ae] type 00 class 0x060000 conventional PCI endpoint
[    1.275340] pci 0000:00:18.2: [1022:14af] type 00 class 0x060000 conventional PCI endpoint
[    1.275400] pci 0000:00:18.3: [1022:14b0] type 00 class 0x060000 conventional PCI endpoint
[    1.275456] pci 0000:00:18.4: [1022:14b1] type 00 class 0x060000 conventional PCI endpoint
[    1.275511] pci 0000:00:18.5: [1022:14b2] type 00 class 0x060000 conventional PCI endpoint
[    1.275567] pci 0000:00:18.6: [1022:14b3] type 00 class 0x060000 conventional PCI endpoint
[    1.275623] pci 0000:00:18.7: [1022:14b4] type 00 class 0x060000 conventional PCI endpoint
[    1.275679] pci 0000:00:19.0: [1022:14ad] type 00 class 0x060000 conventional PCI endpoint
[    1.275727] pci 0000:00:19.1: [1022:14ae] type 00 class 0x060000 conventional PCI endpoint
[    1.275776] pci 0000:00:19.2: [1022:14af] type 00 class 0x060000 conventional PCI endpoint
[    1.275823] pci 0000:00:19.3: [1022:14b0] type 00 class 0x060000 conventional PCI endpoint
[    1.275872] pci 0000:00:19.4: [1022:14b1] type 00 class 0x060000 conventional PCI endpoint
[    1.275921] pci 0000:00:19.5: [1022:14b2] type 00 class 0x060000 conventional PCI endpoint
[    1.275970] pci 0000:00:19.6: [1022:14b3] type 00 class 0x060000 conventional PCI endpoint
[    1.276018] pci 0000:00:19.7: [1022:14b4] type 00 class 0x060000 conventional PCI endpoint
[    1.276133] pci 0000:01:00.0: [1924:0b03] type 00 class 0x020000 PCIe Endpoint
[    1.276164] pci 0000:01:00.0: BAR 0 [mem 0xf6800000-0xf6ffffff 64bit]
[    1.276167] pci 0000:01:00.0: BAR 2 [mem 0xf7084000-0xf7087fff 64bit]
[    1.276171] pci 0000:01:00.0: ROM [mem 0xf7040000-0xf707ffff pref]
[    1.276248] pci 0000:01:00.0: supports D1 D2
[    1.276250] pci 0000:01:00.0: PME# supported from D0 D1 D3hot
[    1.276446] pci 0000:01:00.1: [1924:0b03] type 00 class 0x020000 PCIe Endpoint
[    1.276477] pci 0000:01:00.1: BAR 0 [mem 0xf6000000-0xf67fffff 64bit]
[    1.276480] pci 0000:01:00.1: BAR 2 [mem 0xf7080000-0xf7083fff 64bit]
[    1.276484] pci 0000:01:00.1: ROM [mem 0xf7000000-0xf703ffff pref]
[    1.276546] pci 0000:01:00.1: supports D1 D2
[    1.276547] pci 0000:01:00.1: PME# supported from D0 D1 D3hot
[    1.276691] pci 0000:00:01.1: PCI bridge to [bus 01]
[    1.276991] pci 0000:02:00.0: [8086:15ff] type 00 class 0x020000 PCIe Endpoint
[    1.277028] pci 0000:02:00.0: BAR 0 [mem 0x4847f000000-0x4847fffffff 64bit pref]
[    1.277032] pci 0000:02:00.0: BAR 3 [mem 0x48480808000-0x4848080ffff 64bit pref]
[    1.277036] pci 0000:02:00.0: ROM [mem 0xf7680000-0xf76fffff pref]
[    1.277114] pci 0000:02:00.0: PME# supported from D0 D3hot D3cold
[    1.277156] pci 0000:02:00.0: VF BAR 0 [mem 0x48480400000-0x4848040ffff 64bit pref]
[    1.277158] pci 0000:02:00.0: VF BAR 0 [mem 0x48480400000-0x484807fffff 64bit pref]: contains BAR 0 for 64 VFs
[    1.277162] pci 0000:02:00.0: VF BAR 3 [mem 0x48480910000-0x48480913fff 64bit pref]
[    1.277164] pci 0000:02:00.0: VF BAR 3 [mem 0x48480910000-0x48480a0ffff 64bit pref]: contains BAR 3 for 64 VFs
[    1.277952] pci 0000:02:00.1: [8086:15ff] type 00 class 0x020000 PCIe Endpoint
[    1.277989] pci 0000:02:00.1: BAR 0 [mem 0x4847e000000-0x4847effffff 64bit pref]
[    1.277993] pci 0000:02:00.1: BAR 3 [mem 0x48480800000-0x48480807fff 64bit pref]
[    1.277997] pci 0000:02:00.1: ROM [mem 0xf7600000-0xf767ffff pref]
[    1.278069] pci 0000:02:00.1: PME# supported from D0 D3hot D3cold
[    1.278108] pci 0000:02:00.1: VF BAR 0 [mem 0x48480000000-0x4848000ffff 64bit pref]
[    1.278109] pci 0000:02:00.1: VF BAR 0 [mem 0x48480000000-0x484803fffff 64bit pref]: contains BAR 0 for 64 VFs
[    1.278114] pci 0000:02:00.1: VF BAR 3 [mem 0x48480810000-0x48480813fff 64bit pref]
[    1.278115] pci 0000:02:00.1: VF BAR 3 [mem 0x48480810000-0x4848090ffff 64bit pref]: contains BAR 3 for 64 VFs
[    1.278394] pci 0000:00:05.1: PCI bridge to [bus 02]
[    1.279009] pci 0000:03:00.0: [1022:14ac] type 00 class 0x130000 PCIe Endpoint
[    1.279037] pci 0000:03:00.0: enabling Extended Tags
[    1.279186] pci 0000:03:00.1: [1022:14dc] type 00 class 0x088000 PCIe Endpoint
[    1.279207] pci 0000:03:00.1: BAR 0 [mem 0x48480c80000-0x48480cfffff 64bit pref]
[    1.279210] pci 0000:03:00.1: BAR 2 [mem 0x48480c00000-0x48480c7ffff 64bit pref]
[    1.279217] pci 0000:03:00.1: enabling Extended Tags
[    1.279351] pci 0000:03:00.4: [1022:14c9] type 00 class 0x0c0330 PCIe Endpoint
[    1.279374] pci 0000:03:00.4: BAR 0 [mem 0xf7300000-0xf73fffff 64bit]
[    1.279382] pci 0000:03:00.4: enabling Extended Tags
[    1.279415] pci 0000:03:00.4: PME# supported from D0 D3hot D3cold
[    1.279977] pci 0000:03:00.5: [1022:14ca] type 00 class 0x108000 PCIe Endpoint
[    1.280000] pci 0000:03:00.5: BAR 2 [mem 0xf7200000-0xf72fffff]
[    1.280003] pci 0000:03:00.5: BAR 5 [mem 0xf7400000-0xf7401fff]
[    1.280009] pci 0000:03:00.5: enabling Extended Tags
[    1.280173] pci 0000:00:07.1: PCI bridge to [bus 03]
[    1.280257] pci 0000:04:00.0: [1022:7901] type 00 class 0x010601 PCIe Endpoint
[    1.280282] pci 0000:04:00.0: BAR 5 [mem 0xf7501000-0xf75017ff]
[    1.280287] pci 0000:04:00.0: enabling Extended Tags
[    1.280327] pci 0000:04:00.0: PME# supported from D3hot D3cold
[    1.280446] pci 0000:04:00.1: [1022:7901] type 00 class 0x010601 PCIe Endpoint
[    1.280471] pci 0000:04:00.1: BAR 5 [mem 0xf7500000-0xf75007ff]
[    1.280477] pci 0000:04:00.1: enabling Extended Tags
[    1.280507] pci 0000:04:00.1: PME# supported from D3hot D3cold
[    1.280949] pci 0000:00:07.2: PCI bridge to [bus 04]
[    1.281074] pci_bus 0000:00: on NUMA node 0
[    1.283140] ACPI: PCI Root Bridge [S0D3] (domain 0000 [bus 20-3f])
[    1.283144] acpi PNP0A08:03: _OSC: OS supports [ExtendedConfig ASPM ClockPM Segments MSI EDR HPX-Type3]
[    1.283292] acpi PNP0A08:03: _OSC: platform does not support [AER LTR DPC]
[    1.283567] acpi PNP0A08:03: _OSC: OS now controls [PCIeHotplug SHPCHotplug PME PCIeCapability]
[    1.283569] acpi PNP0A08:03: FADT indicates ASPM is unsupported, using BIOS configuration
[    1.283853] PCI host bridge to bus 0000:20
[    1.283856] pci_bus 0000:20: root bus resource [io  0x4000-0x4fff window]
[    1.283858] pci_bus 0000:20: root bus resource [mem 0xcc000000-0xcc3fffff window]
[    1.283859] pci_bus 0000:20: root bus resource [mem 0x48481000000-0x58480ffffff window]
[    1.283861] pci_bus 0000:20: root bus resource [bus 20-3f]
[    1.283871] pci 0000:20:00.0: [1022:14a4] type 00 class 0x060000 conventional PCI endpoint
[    1.283955] pci 0000:20:00.2: [1022:149e] type 00 class 0x080600 conventional PCI endpoint
[    1.284065] pci 0000:20:00.3: [1022:14a6] type 00 class 0x080700 PCIe Root Complex Event Collector
[    1.284107] pci 0000:20:00.3: enabling Extended Tags
[    1.284257] pci 0000:20:01.0: [1022:149f] type 00 class 0x060000 conventional PCI endpoint
[    1.284328] pci 0000:20:02.0: [1022:149f] type 00 class 0x060000 conventional PCI endpoint
[    1.284396] pci 0000:20:03.0: [1022:149f] type 00 class 0x060000 conventional PCI endpoint
[    1.284468] pci 0000:20:03.1: [1022:14a5] type 01 class 0x060400 PCIe Root Port
[    1.284484] pci 0000:20:03.1: PCI bridge to [bus 21]
[    1.284489] pci 0000:20:03.1:   bridge window [mem 0xcc300000-0xcc3fffff]
[    1.284562] pci 0000:20:03.1: PME# supported from D0 D3hot D3cold
[    1.284705] pci 0000:20:03.2: [1022:14a5] type 01 class 0x060400 PCIe Root Port
[    1.284720] pci 0000:20:03.2: PCI bridge to [bus 22]
[    1.284726] pci 0000:20:03.2:   bridge window [mem 0xcc200000-0xcc2fffff]
[    1.284797] pci 0000:20:03.2: PME# supported from D0 D3hot D3cold
[    1.284939] pci 0000:20:03.3: [1022:14a5] type 01 class 0x060400 PCIe Root Port
[    1.284955] pci 0000:20:03.3: PCI bridge to [bus 23]
[    1.284960] pci 0000:20:03.3:   bridge window [mem 0xcc100000-0xcc1fffff]
[    1.285031] pci 0000:20:03.3: PME# supported from D0 D3hot D3cold
[    1.285171] pci 0000:20:03.4: [1022:14a5] type 01 class 0x060400 PCIe Root Port
[    1.285187] pci 0000:20:03.4: PCI bridge to [bus 24]
[    1.285193] pci 0000:20:03.4:   bridge window [mem 0xcc000000-0xcc0fffff]
[    1.285264] pci 0000:20:03.4: PME# supported from D0 D3hot D3cold
[    1.285399] pci 0000:20:04.0: [1022:149f] type 00 class 0x060000 conventional PCI endpoint
[    1.285468] pci 0000:20:05.0: [1022:149f] type 00 class 0x060000 conventional PCI endpoint
[    1.285536] pci 0000:20:07.0: [1022:149f] type 00 class 0x060000 conventional PCI endpoint
[    1.285605] pci 0000:20:07.1: [1022:14a7] type 01 class 0x060400 PCIe Root Port
[    1.285620] pci 0000:20:07.1: PCI bridge to [bus 25]
[    1.285630] pci 0000:20:07.1:   bridge window [mem 0x58480f00000-0x58480ffffff 64bit pref]
[    1.285637] pci 0000:20:07.1: enabling Extended Tags
[    1.285676] pci 0000:20:07.1: PME# supported from D0 D3hot D3cold
[    1.285866] pci 0000:21:00.0: [1344:51c3] type 00 class 0x010802 PCIe Endpoint
[    1.285897] pci 0000:21:00.0: BAR 0 [mem 0xcc340000-0xcc37ffff 64bit]
[    1.285903] pci 0000:21:00.0: ROM [mem 0xcc300000-0xcc33ffff pref]
[    1.285958] pci 0000:21:00.0: PME# supported from D0 D1 D3hot
[    1.286078] pci 0000:20:03.1: PCI bridge to [bus 21]
[    1.286158] pci 0000:22:00.0: [1344:51c3] type 00 class 0x010802 PCIe Endpoint
[    1.286189] pci 0000:22:00.0: BAR 0 [mem 0xcc240000-0xcc27ffff 64bit]
[    1.286194] pci 0000:22:00.0: ROM [mem 0xcc200000-0xcc23ffff pref]
[    1.286247] pci 0000:22:00.0: PME# supported from D0 D1 D3hot
[    1.286363] pci 0000:20:03.2: PCI bridge to [bus 22]
[    1.286968] pci 0000:20:03.3: PCI bridge to [bus 23]
[    1.287038] pci 0000:20:03.4: PCI bridge to [bus 24]
[    1.287122] pci 0000:25:00.0: [1022:14ac] type 00 class 0x130000 PCIe Endpoint
[    1.287148] pci 0000:25:00.0: enabling Extended Tags
[    1.287289] pci 0000:25:00.1: [1022:14dc] type 00 class 0x088000 PCIe Endpoint
[    1.287310] pci 0000:25:00.1: BAR 0 [mem 0x58480f80000-0x58480ffffff 64bit pref]
[    1.287313] pci 0000:25:00.1: BAR 2 [mem 0x58480f00000-0x58480f7ffff 64bit pref]
[    1.287319] pci 0000:25:00.1: enabling Extended Tags
[    1.287489] pci 0000:20:07.1: PCI bridge to [bus 25]
[    1.288027] pci_bus 0000:20: on NUMA node 0
[    1.288195] ACPI: PCI Root Bridge [S1D0] (domain 0000 [bus e0-ff])
[    1.288199] acpi PNP0A08:04: _OSC: OS supports [ExtendedConfig ASPM ClockPM Segments MSI EDR HPX-Type3]
[    1.288353] acpi PNP0A08:04: _OSC: platform does not support [AER LTR DPC]
[    1.288625] acpi PNP0A08:04: _OSC: OS now controls [PCIeHotplug SHPCHotplug PME PCIeCapability]
[    1.288627] acpi PNP0A08:04: FADT indicates ASPM is unsupported, using BIOS configuration
[    1.288883] PCI host bridge to bus 0000:e0
[    1.288886] pci_bus 0000:e0: root bus resource [io  0xe000-0xffff window]
[    1.288887] pci_bus 0000:e0: root bus resource [mem 0xc4000000-0xc48fffff window]
[    1.288889] pci_bus 0000:e0: root bus resource [mem 0x584e1000000-0x684e0ffffff window]
[    1.288891] pci_bus 0000:e0: root bus resource [bus e0-ff]
[    1.288899] pci 0000:e0:00.0: [1022:14a4] type 00 class 0x060000 conventional PCI endpoint
[    1.288971] pci 0000:e0:00.2: [1022:149e] type 00 class 0x080600 conventional PCI endpoint
[    1.289063] pci 0000:e0:00.3: [1022:14a6] type 00 class 0x080700 PCIe Root Complex Event Collector
[    1.289099] pci 0000:e0:00.3: enabling Extended Tags
[    1.290016] pci 0000:e0:01.0: [1022:149f] type 00 class 0x060000 conventional PCI endpoint
[    1.290076] pci 0000:e0:01.1: [1022:14ab] type 01 class 0x060400 PCIe Root Port
[    1.290089] pci 0000:e0:01.1: PCI bridge to [bus e1]
[    1.290093] pci 0000:e0:01.1:   bridge window [mem 0xc4000000-0xc47fffff]
[    1.290099] pci 0000:e0:01.1:   bridge window [mem 0x64000000000-0x68042ffffff 64bit pref]
[    1.290152] pci 0000:e0:01.1: PME# supported from D0 D3hot D3cold
[    1.290273] pci 0000:e0:02.0: [1022:149f] type 00 class 0x060000 conventional PCI endpoint
[    1.290332] pci 0000:e0:03.0: [1022:149f] type 00 class 0x060000 conventional PCI endpoint
[    1.290390] pci 0000:e0:04.0: [1022:149f] type 00 class 0x060000 conventional PCI endpoint
[    1.290447] pci 0000:e0:05.0: [1022:149f] type 00 class 0x060000 conventional PCI endpoint
[    1.290509] pci 0000:e0:07.0: [1022:149f] type 00 class 0x060000 conventional PCI endpoint
[    1.290567] pci 0000:e0:07.1: [1022:14a7] type 01 class 0x060400 PCIe Root Port
[    1.290579] pci 0000:e0:07.1: PCI bridge to [bus e2]
[    1.290583] pci 0000:e0:07.1:   bridge window [mem 0xc4800000-0xc48fffff]
[    1.290589] pci 0000:e0:07.1:   bridge window [mem 0x68043100000-0x680431fffff 64bit pref]
[    1.290594] pci 0000:e0:07.1: enabling Extended Tags
[    1.290625] pci 0000:e0:07.1: PME# supported from D0 D3hot D3cold
[    1.290998] pci 0000:e1:00.0: [10de:2321] type 00 class 0x030200 PCIe Endpoint
[    1.291020] pci 0000:e1:00.0: BAR 0 [mem 0x68042000000-0x68042ffffff 64bit pref]
[    1.291022] pci 0000:e1:00.0: BAR 2 [mem 0x64000000000-0x65fffffffff 64bit pref]
[    1.291025] pci 0000:e1:00.0: BAR 4 [mem 0x68040000000-0x68041ffffff 64bit pref]
[    1.291048] pci 0000:e1:00.0: Enabling HDA controller
[    1.291115] pci 0000:e1:00.0: VF BAR 0 [mem 0xc4000000-0xc403ffff]
[    1.291117] pci 0000:e1:00.0: VF BAR 0 [mem 0xc4000000-0xc47fffff]: contains BAR 0 for 32 VFs
[    1.291120] pci 0000:e1:00.0: VF BAR 1 [mem 0x66000000000-0x660ffffffff 64bit pref]
[    1.291121] pci 0000:e1:00.0: VF BAR 1 [mem 0x66000000000-0x67fffffffff 64bit pref]: contains BAR 1 for 32 VFs
[    1.291124] pci 0000:e1:00.0: VF BAR 3 [mem 0x68000000000-0x68001ffffff 64bit pref]
[    1.291125] pci 0000:e1:00.0: VF BAR 3 [mem 0x68000000000-0x6803fffffff 64bit pref]: contains BAR 3 for 32 VFs
[    2.298924] pci 0000:e1:00.0: DOE: [2c8] ABORT timed out
[    2.298939] pci 0000:e1:00.0: DOE: [2c8] failed to reset mailbox with abort command : -5
[    2.298960] pci 0000:e1:00.0: DOE: [2c8] failed to create mailbox: -5
[    2.299124] pci 0000:e0:01.1: PCI bridge to [bus e1]
[    2.299261] pci 0000:e2:00.0: [1022:14ac] type 00 class 0x130000 PCIe Endpoint
[    2.299285] pci 0000:e2:00.0: enabling Extended Tags
[    2.299441] pci 0000:e2:00.1: [1022:14dc] type 00 class 0x088000 PCIe Endpoint
[    2.299458] pci 0000:e2:00.1: BAR 0 [mem 0x68043180000-0x680431fffff 64bit pref]
[    2.299461] pci 0000:e2:00.1: BAR 2 [mem 0x68043100000-0x6804317ffff 64bit pref]
[    2.299466] pci 0000:e2:00.1: enabling Extended Tags
[    2.299584] pci 0000:e2:00.4: [1022:14c9] type 00 class 0x0c0330 PCIe Endpoint
[    2.299602] pci 0000:e2:00.4: BAR 0 [mem 0xc4800000-0xc48fffff 64bit]
[    2.299608] pci 0000:e2:00.4: enabling Extended Tags
[    2.299633] pci 0000:e2:00.4: PME# supported from D0 D3hot D3cold
[    2.299950] pci 0000:e0:07.1: PCI bridge to [bus e2]
[    2.300019] pci_bus 0000:e0: on NUMA node 1
[    2.301117] ACPI: PCI Root Bridge [S1D1] (domain 0000 [bus c0-df])
[    2.301123] acpi PNP0A08:05: _OSC: OS supports [ExtendedConfig ASPM ClockPM Segments MSI EDR HPX-Type3]
[    2.301325] acpi PNP0A08:05: _OSC: platform does not support [AER LTR DPC]
[    2.301602] acpi PNP0A08:05: _OSC: OS now controls [PCIeHotplug SHPCHotplug PME PCIeCapability]
[    2.301604] acpi PNP0A08:05: FADT indicates ASPM is unsupported, using BIOS configuration
[    2.301907] PCI host bridge to bus 0000:c0
[    2.301911] pci_bus 0000:c0: root bus resource [io  0xd000-0xdfff window]
[    2.301913] pci_bus 0000:c0: root bus resource [mem 0xbe000000-0xbe9fffff window]
[    2.301915] pci_bus 0000:c0: root bus resource [mem 0x684e1000000-0x784e0ffffff window]
[    2.301918] pci_bus 0000:c0: root bus resource [bus c0-df]
[    2.301927] pci 0000:c0:00.0: [1022:14a4] type 00 class 0x060000 conventional PCI endpoint
[    2.301997] pci 0000:c0:00.2: [1022:149e] type 00 class 0x080600 conventional PCI endpoint
[    2.302094] pci 0000:c0:00.3: [1022:14a6] type 00 class 0x080700 PCIe Root Complex Event Collector
[    2.302466] pci 0000:c0:00.3: enabling Extended Tags
[    2.302599] pci 0000:c0:01.0: [1022:149f] type 00 class 0x060000 conventional PCI endpoint
[    2.302661] pci 0000:c0:01.1: [1022:14ab] type 01 class 0x060400 PCIe Root Port
[    2.302675] pci 0000:c0:01.1: PCI bridge to [bus c1]
[    2.302681] pci 0000:c0:01.1:   bridge window [mem 0xbe000000-0xbe7fffff]
[    2.302687] pci 0000:c0:01.1:   bridge window [mem 0x74000000000-0x78042ffffff 64bit pref]
[    2.302746] pci 0000:c0:01.1: PME# supported from D0 D3hot D3cold
[    2.302880] pci 0000:c0:02.0: [1022:149f] type 00 class 0x060000 conventional PCI endpoint
[    2.302940] pci 0000:c0:03.0: [1022:149f] type 00 class 0x060000 conventional PCI endpoint
[    2.303002] pci 0000:c0:03.1: [1022:14a5] type 01 class 0x060400 PCIe Root Port
[    2.303015] pci 0000:c0:03.1: PCI bridge to [bus c2]
[    2.303019] pci 0000:c0:03.1:   bridge window [io  0xd000-0xdfff]
[    2.303022] pci 0000:c0:03.1:   bridge window [mem 0xbe800000-0xbe9fffff]
[    2.303027] pci 0000:c0:03.1:   bridge window [mem 0x78043100000-0x780432fffff 64bit pref]
[    2.303083] pci 0000:c0:03.1: PME# supported from D0 D3hot D3cold
[    2.303206] pci 0000:c0:04.0: [1022:149f] type 00 class 0x060000 conventional PCI endpoint
[    2.303265] pci 0000:c0:05.0: [1022:149f] type 00 class 0x060000 conventional PCI endpoint
[    2.303324] pci 0000:c0:07.0: [1022:149f] type 00 class 0x060000 conventional PCI endpoint
[    2.303384] pci 0000:c0:07.1: [1022:14a7] type 01 class 0x060400 PCIe Root Port
[    2.303396] pci 0000:c0:07.1: PCI bridge to [bus c3]
[    2.303404] pci 0000:c0:07.1:   bridge window [mem 0x78043300000-0x780433fffff 64bit pref]
[    2.303409] pci 0000:c0:07.1: enabling Extended Tags
[    2.303439] pci 0000:c0:07.1: PME# supported from D0 D3hot D3cold
[    2.303960] pci 0000:c1:00.0: [10de:2321] type 00 class 0x030200 PCIe Endpoint
[    2.303981] pci 0000:c1:00.0: BAR 0 [mem 0x78042000000-0x78042ffffff 64bit pref]
[    2.303984] pci 0000:c1:00.0: BAR 2 [mem 0x74000000000-0x75fffffffff 64bit pref]
[    2.303986] pci 0000:c1:00.0: BAR 4 [mem 0x78040000000-0x78041ffffff 64bit pref]
[    2.304010] pci 0000:c1:00.0: Enabling HDA controller
[    2.304077] pci 0000:c1:00.0: VF BAR 0 [mem 0xbe000000-0xbe03ffff]
[    2.304079] pci 0000:c1:00.0: VF BAR 0 [mem 0xbe000000-0xbe7fffff]: contains BAR 0 for 32 VFs
[    2.304082] pci 0000:c1:00.0: VF BAR 1 [mem 0x76000000000-0x760ffffffff 64bit pref]
[    2.304083] pci 0000:c1:00.0: VF BAR 1 [mem 0x76000000000-0x77fffffffff 64bit pref]: contains BAR 1 for 32 VFs
[    2.304086] pci 0000:c1:00.0: VF BAR 3 [mem 0x78000000000-0x78001ffffff 64bit pref]
[    2.304087] pci 0000:c1:00.0: VF BAR 3 [mem 0x78000000000-0x7803fffffff 64bit pref]: contains BAR 3 for 32 VFs
[    3.311924] pci 0000:c1:00.0: DOE: [2c8] ABORT timed out
[    3.311938] pci 0000:c1:00.0: DOE: [2c8] failed to reset mailbox with abort command : -5
[    3.311959] pci 0000:c1:00.0: DOE: [2c8] failed to create mailbox: -5
[    3.312124] pci 0000:c0:01.1: PCI bridge to [bus c1]
[    3.312903] pci 0000:c2:00.0: [1000:10e2] type 00 class 0x010400 PCIe Endpoint
[    3.312936] pci 0000:c2:00.0: BAR 0 [mem 0x78043200000-0x780432fffff 64bit pref]
[    3.312940] pci 0000:c2:00.0: BAR 2 [mem 0x78043100000-0x780431fffff 64bit pref]
[    3.312942] pci 0000:c2:00.0: BAR 4 [mem 0xbe900000-0xbe9fffff]
[    3.312944] pci 0000:c2:00.0: BAR 5 [io  0xd000-0xd0ff]
[    3.312946] pci 0000:c2:00.0: ROM [mem 0xbe800000-0xbe8fffff pref]
[    3.313015] pci 0000:c2:00.0: supports D1 D2
[    3.313148] pci 0000:c0:03.1: PCI bridge to [bus c2]
[    3.313234] pci 0000:c3:00.0: [1022:14ac] type 00 class 0x130000 PCIe Endpoint
[    3.313255] pci 0000:c3:00.0: enabling Extended Tags
[    3.313398] pci 0000:c3:00.1: [1022:14dc] type 00 class 0x088000 PCIe Endpoint
[    3.313415] pci 0000:c3:00.1: BAR 0 [mem 0x78043380000-0x780433fffff 64bit pref]
[    3.313417] pci 0000:c3:00.1: BAR 2 [mem 0x78043300000-0x7804337ffff 64bit pref]
[    3.313422] pci 0000:c3:00.1: enabling Extended Tags
[    3.313570] pci 0000:c0:07.1: PCI bridge to [bus c3]
[    3.313668] pci_bus 0000:c0: on NUMA node 1
[    3.313894] ACPI: PCI Root Bridge [S1D2] (domain 0000 [bus 80-9f])
[    3.313899] acpi PNP0A08:06: _OSC: OS supports [ExtendedConfig ASPM ClockPM Segments MSI EDR HPX-Type3]
[    3.314106] acpi PNP0A08:06: _OSC: platform does not support [AER LTR DPC]
[    3.314381] acpi PNP0A08:06: _OSC: OS now controls [PCIeHotplug SHPCHotplug PME PCIeCapability]
[    3.314383] acpi PNP0A08:06: FADT indicates ASPM is unsupported, using BIOS configuration
[    3.314699] PCI host bridge to bus 0000:80
[    3.314702] pci_bus 0000:80: root bus resource [io  0x9000-0xbfff window]
[    3.314704] pci_bus 0000:80: root bus resource [mem 0xb6000000-0xb62fffff window]
[    3.314706] pci_bus 0000:80: root bus resource [mem 0x78541000000-0x88540ffffff window]
[    3.314708] pci_bus 0000:80: root bus resource [bus 80-9f]
[    3.314717] pci 0000:80:00.0: [1022:14a4] type 00 class 0x060000 conventional PCI endpoint
[    3.314787] pci 0000:80:00.2: [1022:149e] type 00 class 0x080600 conventional PCI endpoint
[    3.314884] pci 0000:80:00.3: [1022:14a6] type 00 class 0x080700 PCIe Root Complex Event Collector
[    3.314919] pci 0000:80:00.3: enabling Extended Tags
[    3.315057] pci 0000:80:01.0: [1022:149f] type 00 class 0x060000 conventional PCI endpoint
[    3.315122] pci 0000:80:02.0: [1022:149f] type 00 class 0x060000 conventional PCI endpoint
[    3.315185] pci 0000:80:03.0: [1022:149f] type 00 class 0x060000 conventional PCI endpoint
[    3.315253] pci 0000:80:04.0: [1022:149f] type 00 class 0x060000 conventional PCI endpoint
[    3.315316] pci 0000:80:05.0: [1022:149f] type 00 class 0x060000 conventional PCI endpoint
[    3.315383] pci 0000:80:07.0: [1022:149f] type 00 class 0x060000 conventional PCI endpoint
[    3.315442] pci 0000:80:07.1: [1022:14a7] type 01 class 0x060400 PCIe Root Port
[    3.315455] pci 0000:80:07.1: PCI bridge to [bus 81]
